m=16 (1792s):
   deg=  1 mult=24 lc=1  a - 1
   deg=  1 mult=24 lc=1  a + 1
   deg=  1 mult=36 lc=1  a
   deg=  2 mult=4 lc=1  a**2 - 3
   deg=  2 mult=8 lc=1  a**2 - a - 1
   deg=  2 mult=8 lc=1  a**2 + a - 1
   deg=  2 mult=10 lc=1  a**2 - 2
   deg=  3 mult=2 lc=1  a**3 - a**2 - 2*a + 1
   deg=  3 mult=2 lc=1  a**3 + a**2 - 2*a - 1
   deg=292 mult=1 lc=216156370940009435716337197265  216156370940009435716337197265625*a**292 - 5118349
m=17 (4103s):
   deg=  1 mult=28 lc=1  a - 1
   deg=  1 mult=28 lc=1  a + 1
   deg=  1 mult=56 lc=1  a
   deg=  2 mult=6 lc=1  a**2 - 3
   deg=  2 mult=10 lc=1  a**2 - a - 1
   deg=  2 mult=10 lc=1  a**2 + a - 1
   deg=  2 mult=18 lc=1  a**2 - 2
   deg=  3 mult=4 lc=1  a**3 - a**2 - 2*a + 1
   deg=  3 mult=4 lc=1  a**3 + a**2 - 2*a - 1
   deg=  4 mult=2 lc=1  a**4 - 4*a**2 + 2
   deg=384 mult=1 lc=613178226013596123000986656151  613178226013596123000986656151961600000000*a**384 
