[14:09:48] nu = 10, degree bound D = 2090
[14:09:48] S2: exact resultants at 0..D ...
[14:09:48]   a0 = 0 (0s)
[14:09:59]   a0 = 200 (11s)
[14:10:16]   a0 = 400 (28s)
[14:10:37]   a0 = 600 (49s)
[14:10:59]   a0 = 800 (71s)
[14:11:24]   a0 = 1000 (96s)
[14:11:50]   a0 = 1200 (122s)
[14:12:17]   a0 = 1400 (149s)
[14:12:45]   a0 = 1600 (177s)
[14:13:14]   a0 = 1800 (206s)
[14:13:43]   a0 = 2000 (235s)
[14:13:57] S2 done (248s); max digits 4454
[14:13:57] S3: modular interpolation + CRT ...
[14:14:35] S3 CRT stable after 20 primes (287s)
[14:14:35] candidate deg = 1320
[14:14:35] S3 PROOF: exact evaluation at all nodes ...
[14:14:35]   verified through 0 (287s)
[14:14:35]   verified through 400 (287s)
[14:14:36]   verified through 800 (288s)
[14:14:36]   verified through 1200 (288s)
[14:14:36]   verified through 1600 (289s)
[14:14:37]   verified through 2000 (289s)
[14:14:37] S3 proof complete: candidate == disc (289s)
[14:14:37] S4: dividing out torsion factors ...
[14:14:37]   psi_3 divides with multiplicity 54
[14:14:38]   psi_4 divides with multiplicity 80
[14:14:38]   psi_5 divides with multiplicity 22
[14:14:38]   psi_6 divides with multiplicity 54
[14:14:38]   psi_7 divides with multiplicity 10
[14:14:38]   psi_8 divides with multiplicity 28
[14:14:38]   psi_9 divides with multiplicity 4
[14:14:38]   psi_10 divides with multiplicity 22
[14:14:38]   psi_12 divides with multiplicity 12
[14:14:38]   psi_14 divides with multiplicity 10
[14:14:38]   psi_16 divides with multiplicity 6
[14:14:38]   psi_18 divides with multiplicity 4
[14:14:38]   psi_20 divides with multiplicity 2
[14:14:38] remainder deg 848, content 4, lc -72677928626973270948130527628515312057844814657930679400704000000000000
[14:14:38] S4: exhaustive candidate torsion minpolys ...
[14:14:42]   exhaustive bound N <= 5752832; 3306 candidate N
[14:22:26] checked 3306 candidate psi_N (provably all); divisors of remainder: []
[14:22:26] done (758s); converse m=22: True
