START_UTC=2026-07-25T17:59:43Z
WORKER=1 SHARD=49 RANGE=4900:5000
COMMAND=stream.py cutoff=100000000000 carrier=4709203636353.65 cells=1024 segment_size=20000000 start=4900 end=5000 higher=false
Python 3.12.3
numpy=2.3.5
platform=Linux-6.12.94+-x86_64-with-glibc2.39
	Command being timed: "/workspace/.venv/bin/python experiments/X-0801-piecewise-carrier-tail/stream.py --cutoff 100000000000 --carrier 4709203636353.65 --cells 1024 --segment-size 20000000 --start-segment 4900 --end-segment 5000 --output experiments/X-2805-directed-prime-producer/results/target-c1e11/discovery/shards/shard-4900-5000.json"
	User time (seconds): 23.21
	System time (seconds): 0.94
	Percent of CPU this job got: 100%
	Elapsed (wall clock) time (h:mm:ss or m:ss): 0:24.10
	Average shared text size (kbytes): 0
	Average unshared data size (kbytes): 0
	Average stack size (kbytes): 0
	Average total size (kbytes): 0
	Maximum resident set size (kbytes): 141728
	Average resident set size (kbytes): 0
	Major (requiring I/O) page faults: 0
	Minor (reclaiming a frame) page faults: 431188
	Voluntary context switches: 5
	Involuntary context switches: 212
	Swaps: 0
	File system inputs: 0
	File system outputs: 48
	Socket messages sent: 0
	Socket messages received: 0
	Signals delivered: 0
	Page size (bytes): 4096
	Exit status: 0
EXIT_STATUS=0
END_UTC=2026-07-25T18:00:07Z
fe0daddf35ec3dd98e1ab4324f84fd80f30a70a82d185040ca69a6cd87f76426  experiments/X-2805-directed-prime-producer/results/target-c1e11/discovery/shards/shard-4900-5000.json
