START_UTC=2026-07-25T17:56:27Z
WORKER=0 SHARD=16 RANGE=1600:1700
COMMAND=stream.py cutoff=100000000000 carrier=4709203636353.65 cells=1024 segment_size=20000000 start=1600 end=1700 higher=false
Python 3.12.3
numpy=2.3.5
platform=Linux-6.12.94+-x86_64-with-glibc2.39
	Command being timed: "/workspace/.venv/bin/python experiments/X-0801-piecewise-carrier-tail/stream.py --cutoff 100000000000 --carrier 4709203636353.65 --cells 1024 --segment-size 20000000 --start-segment 1600 --end-segment 1700 --output experiments/X-2805-directed-prime-producer/results/target-c1e11/discovery/shards/shard-1600-1700.json"
	User time (seconds): 22.89
	System time (seconds): 1.33
	Percent of CPU this job got: 99%
	Elapsed (wall clock) time (h:mm:ss or m:ss): 0:24.35
	Average shared text size (kbytes): 0
	Average unshared data size (kbytes): 0
	Average stack size (kbytes): 0
	Average total size (kbytes): 0
	Maximum resident set size (kbytes): 145856
	Average resident set size (kbytes): 0
	Major (requiring I/O) page faults: 0
	Minor (reclaiming a frame) page faults: 489682
	Voluntary context switches: 7
	Involuntary context switches: 1254
	Swaps: 0
	File system inputs: 0
	File system outputs: 48
	Socket messages sent: 0
	Socket messages received: 0
	Signals delivered: 0
	Page size (bytes): 4096
	Exit status: 0
EXIT_STATUS=0
END_UTC=2026-07-25T17:56:51Z
34d3a802458a4ada88aa3921758db23a0c924160349491bd657b0974db39fd68  experiments/X-2805-directed-prime-producer/results/target-c1e11/discovery/shards/shard-1600-1700.json
