START_UTC=2026-07-25T17:55:15Z
WORKER=1 SHARD=5 RANGE=500:600
COMMAND=stream.py cutoff=100000000000 carrier=4709203636353.65 cells=1024 segment_size=20000000 start=500 end=600 higher=false
Python 3.12.3
numpy=2.3.5
platform=Linux-6.12.94+-x86_64-with-glibc2.39
	Command being timed: "/workspace/.venv/bin/python experiments/X-0801-piecewise-carrier-tail/stream.py --cutoff 100000000000 --carrier 4709203636353.65 --cells 1024 --segment-size 20000000 --start-segment 500 --end-segment 600 --output experiments/X-2805-directed-prime-producer/results/target-c1e11/discovery/shards/shard-500-600.json"
	User time (seconds): 22.59
	System time (seconds): 1.21
	Percent of CPU this job got: 99%
	Elapsed (wall clock) time (h:mm:ss or m:ss): 0:23.88
	Average shared text size (kbytes): 0
	Average unshared data size (kbytes): 0
	Average stack size (kbytes): 0
	Average total size (kbytes): 0
	Maximum resident set size (kbytes): 157420
	Average resident set size (kbytes): 0
	Major (requiring I/O) page faults: 0
	Minor (reclaiming a frame) page faults: 511801
	Voluntary context switches: 6
	Involuntary context switches: 768
	Swaps: 0
	File system inputs: 0
	File system outputs: 48
	Socket messages sent: 0
	Socket messages received: 0
	Signals delivered: 0
	Page size (bytes): 4096
	Exit status: 0
EXIT_STATUS=0
END_UTC=2026-07-25T17:55:39Z
9a7df39498f4dd72c94e611535ddeb40a0359006868fe8451db90edb2ba3e681  experiments/X-2805-directed-prime-producer/results/target-c1e11/discovery/shards/shard-500-600.json
