START_UTC=2026-07-25T17:55:14Z
WORKER=3 SHARD=7 RANGE=700:800
COMMAND=stream.py cutoff=100000000000 carrier=4709203636353.65 cells=1024 segment_size=20000000 start=700 end=800 higher=false
Python 3.12.3
numpy=2.3.5
platform=Linux-6.12.94+-x86_64-with-glibc2.39
	Command being timed: "/workspace/.venv/bin/python experiments/X-0801-piecewise-carrier-tail/stream.py --cutoff 100000000000 --carrier 4709203636353.65 --cells 1024 --segment-size 20000000 --start-segment 700 --end-segment 800 --output experiments/X-2805-directed-prime-producer/results/target-c1e11/discovery/shards/shard-700-800.json"
	User time (seconds): 22.13
	System time (seconds): 1.09
	Percent of CPU this job got: 99%
	Elapsed (wall clock) time (h:mm:ss or m:ss): 0:23.32
	Average shared text size (kbytes): 0
	Average unshared data size (kbytes): 0
	Average stack size (kbytes): 0
	Average total size (kbytes): 0
	Maximum resident set size (kbytes): 155940
	Average resident set size (kbytes): 0
	Major (requiring I/O) page faults: 0
	Minor (reclaiming a frame) page faults: 506752
	Voluntary context switches: 6
	Involuntary context switches: 734
	Swaps: 0
	File system inputs: 0
	File system outputs: 48
	Socket messages sent: 0
	Socket messages received: 0
	Signals delivered: 0
	Page size (bytes): 4096
	Exit status: 0
EXIT_STATUS=0
END_UTC=2026-07-25T17:55:37Z
98a1fc46aef212aa31ee8ccde49af56c543600d021054f04610b3a667f15f987  experiments/X-2805-directed-prime-producer/results/target-c1e11/discovery/shards/shard-700-800.json
