START_UTC=2026-07-25T17:54:50Z
WORKER=3 SHARD=3 RANGE=300:400
COMMAND=stream.py cutoff=100000000000 carrier=4709203636353.65 cells=1024 segment_size=20000000 start=300 end=400 higher=false
Python 3.12.3
numpy=2.3.5
platform=Linux-6.12.94+-x86_64-with-glibc2.39
	Command being timed: "/workspace/.venv/bin/python experiments/X-0801-piecewise-carrier-tail/stream.py --cutoff 100000000000 --carrier 4709203636353.65 --cells 1024 --segment-size 20000000 --start-segment 300 --end-segment 400 --output experiments/X-2805-directed-prime-producer/results/target-c1e11/discovery/shards/shard-300-400.json"
	User time (seconds): 22.47
	System time (seconds): 1.55
	Percent of CPU this job got: 99%
	Elapsed (wall clock) time (h:mm:ss or m:ss): 0:24.13
	Average shared text size (kbytes): 0
	Average unshared data size (kbytes): 0
	Average stack size (kbytes): 0
	Average total size (kbytes): 0
	Maximum resident set size (kbytes): 160120
	Average resident set size (kbytes): 0
	Major (requiring I/O) page faults: 0
	Minor (reclaiming a frame) page faults: 508616
	Voluntary context switches: 7
	Involuntary context switches: 1065
	Swaps: 0
	File system inputs: 0
	File system outputs: 48
	Socket messages sent: 0
	Socket messages received: 0
	Signals delivered: 0
	Page size (bytes): 4096
	Exit status: 0
EXIT_STATUS=0
END_UTC=2026-07-25T17:55:14Z
81072dd26180d190a5836b45257d310b120fc1fe947718d4c62a877c2e1bb451  experiments/X-2805-directed-prime-producer/results/target-c1e11/discovery/shards/shard-300-400.json
