START_UTC=2026-07-25T17:54:50Z
WORKER=1 SHARD=1 RANGE=100:200
COMMAND=stream.py cutoff=100000000000 carrier=4709203636353.65 cells=1024 segment_size=20000000 start=100 end=200 higher=false
Python 3.12.3
numpy=2.3.5
platform=Linux-6.12.94+-x86_64-with-glibc2.39
	Command being timed: "/workspace/.venv/bin/python experiments/X-0801-piecewise-carrier-tail/stream.py --cutoff 100000000000 --carrier 4709203636353.65 --cells 1024 --segment-size 20000000 --start-segment 100 --end-segment 200 --output experiments/X-2805-directed-prime-producer/results/target-c1e11/discovery/shards/shard-100-200.json"
	User time (seconds): 22.91
	System time (seconds): 1.69
	Percent of CPU this job got: 98%
	Elapsed (wall clock) time (h:mm:ss or m:ss): 0:24.98
	Average shared text size (kbytes): 0
	Average unshared data size (kbytes): 0
	Average stack size (kbytes): 0
	Average total size (kbytes): 0
	Maximum resident set size (kbytes): 165676
	Average resident set size (kbytes): 0
	Major (requiring I/O) page faults: 0
	Minor (reclaiming a frame) page faults: 512610
	Voluntary context switches: 8
	Involuntary context switches: 1034
	Swaps: 0
	File system inputs: 14
	File system outputs: 48
	Socket messages sent: 0
	Socket messages received: 0
	Signals delivered: 0
	Page size (bytes): 4096
	Exit status: 0
EXIT_STATUS=0
END_UTC=2026-07-25T17:55:15Z
77d5fa9c2e63d3c1a36f6f4724e24f04cccc4811273c92b34a9a77a45d084525  experiments/X-2805-directed-prime-producer/results/target-c1e11/discovery/shards/shard-100-200.json
