START_UTC=2026-07-25T17:58:06Z
WORKER=3 SHARD=35 RANGE=3500:3600
COMMAND=stream.py cutoff=100000000000 carrier=4709203636353.65 cells=1024 segment_size=20000000 start=3500 end=3600 higher=false
Python 3.12.3
numpy=2.3.5
platform=Linux-6.12.94+-x86_64-with-glibc2.39
	Command being timed: "/workspace/.venv/bin/python experiments/X-0801-piecewise-carrier-tail/stream.py --cutoff 100000000000 --carrier 4709203636353.65 --cells 1024 --segment-size 20000000 --start-segment 3500 --end-segment 3600 --output experiments/X-2805-directed-prime-producer/results/target-c1e11/discovery/shards/shard-3500-3600.json"
	User time (seconds): 23.60
	System time (seconds): 1.17
	Percent of CPU this job got: 99%
	Elapsed (wall clock) time (h:mm:ss or m:ss): 0:24.92
	Average shared text size (kbytes): 0
	Average unshared data size (kbytes): 0
	Average stack size (kbytes): 0
	Average total size (kbytes): 0
	Maximum resident set size (kbytes): 143016
	Average resident set size (kbytes): 0
	Major (requiring I/O) page faults: 0
	Minor (reclaiming a frame) page faults: 523360
	Voluntary context switches: 5
	Involuntary context switches: 835
	Swaps: 0
	File system inputs: 0
	File system outputs: 48
	Socket messages sent: 0
	Socket messages received: 0
	Signals delivered: 0
	Page size (bytes): 4096
	Exit status: 0
EXIT_STATUS=0
END_UTC=2026-07-25T17:58:31Z
b07f4ae4bca1311efae435229a7b87a0ee230e3e38d1aadc3cd5af6c3c50f5d6  experiments/X-2805-directed-prime-producer/results/target-c1e11/discovery/shards/shard-3500-3600.json
