START_UTC=2026-07-25T17:56:51Z
WORKER=1 SHARD=21 RANGE=2100:2200
COMMAND=stream.py cutoff=100000000000 carrier=4709203636353.65 cells=1024 segment_size=20000000 start=2100 end=2200 higher=false
Python 3.12.3
numpy=2.3.5
platform=Linux-6.12.94+-x86_64-with-glibc2.39
	Command being timed: "/workspace/.venv/bin/python experiments/X-0801-piecewise-carrier-tail/stream.py --cutoff 100000000000 --carrier 4709203636353.65 --cells 1024 --segment-size 20000000 --start-segment 2100 --end-segment 2200 --output experiments/X-2805-directed-prime-producer/results/target-c1e11/discovery/shards/shard-2100-2200.json"
	User time (seconds): 22.58
	System time (seconds): 0.87
	Percent of CPU this job got: 99%
	Elapsed (wall clock) time (h:mm:ss or m:ss): 0:23.48
	Average shared text size (kbytes): 0
	Average unshared data size (kbytes): 0
	Average stack size (kbytes): 0
	Average total size (kbytes): 0
	Maximum resident set size (kbytes): 145044
	Average resident set size (kbytes): 0
	Major (requiring I/O) page faults: 0
	Minor (reclaiming a frame) page faults: 484237
	Voluntary context switches: 5
	Involuntary context switches: 953
	Swaps: 0
	File system inputs: 0
	File system outputs: 48
	Socket messages sent: 0
	Socket messages received: 0
	Signals delivered: 0
	Page size (bytes): 4096
	Exit status: 0
EXIT_STATUS=0
END_UTC=2026-07-25T17:57:14Z
c5f36c2a54d2580e38123f9c61e81407a788c8bccfc5af126e181f2ddaf55427  experiments/X-2805-directed-prime-producer/results/target-c1e11/discovery/shards/shard-2100-2200.json
