START_UTC=2026-07-25T17:55:37Z
WORKER=3 SHARD=11 RANGE=1100:1200
COMMAND=stream.py cutoff=100000000000 carrier=4709203636353.65 cells=1024 segment_size=20000000 start=1100 end=1200 higher=false
Python 3.12.3
numpy=2.3.5
platform=Linux-6.12.94+-x86_64-with-glibc2.39
	Command being timed: "/workspace/.venv/bin/python experiments/X-0801-piecewise-carrier-tail/stream.py --cutoff 100000000000 --carrier 4709203636353.65 --cells 1024 --segment-size 20000000 --start-segment 1100 --end-segment 1200 --output experiments/X-2805-directed-prime-producer/results/target-c1e11/discovery/shards/shard-1100-1200.json"
	User time (seconds): 22.76
	System time (seconds): 1.12
	Percent of CPU this job got: 99%
	Elapsed (wall clock) time (h:mm:ss or m:ss): 0:23.99
	Average shared text size (kbytes): 0
	Average unshared data size (kbytes): 0
	Average stack size (kbytes): 0
	Average total size (kbytes): 0
	Maximum resident set size (kbytes): 154064
	Average resident set size (kbytes): 0
	Major (requiring I/O) page faults: 0
	Minor (reclaiming a frame) page faults: 524820
	Voluntary context switches: 5
	Involuntary context switches: 612
	Swaps: 0
	File system inputs: 0
	File system outputs: 48
	Socket messages sent: 0
	Socket messages received: 0
	Signals delivered: 0
	Page size (bytes): 4096
	Exit status: 0
EXIT_STATUS=0
END_UTC=2026-07-25T17:56:01Z
5fd43851d9213cf1df04380fdc89fb4930a6a958d1f9863d4b852c1e67069655  experiments/X-2805-directed-prime-producer/results/target-c1e11/discovery/shards/shard-1100-1200.json
