START_UTC=2026-07-25T17:59:19Z
WORKER=0 SHARD=44 RANGE=4400:4500
COMMAND=stream.py cutoff=100000000000 carrier=4709203636353.65 cells=1024 segment_size=20000000 start=4400 end=4500 higher=false
Python 3.12.3
numpy=2.3.5
platform=Linux-6.12.94+-x86_64-with-glibc2.39
	Command being timed: "/workspace/.venv/bin/python experiments/X-0801-piecewise-carrier-tail/stream.py --cutoff 100000000000 --carrier 4709203636353.65 --cells 1024 --segment-size 20000000 --start-segment 4400 --end-segment 4500 --output experiments/X-2805-directed-prime-producer/results/target-c1e11/discovery/shards/shard-4400-4500.json"
	User time (seconds): 23.27
	System time (seconds): 1.33
	Percent of CPU this job got: 99%
	Elapsed (wall clock) time (h:mm:ss or m:ss): 0:24.78
	Average shared text size (kbytes): 0
	Average unshared data size (kbytes): 0
	Average stack size (kbytes): 0
	Average total size (kbytes): 0
	Maximum resident set size (kbytes): 142028
	Average resident set size (kbytes): 0
	Major (requiring I/O) page faults: 0
	Minor (reclaiming a frame) page faults: 511710
	Voluntary context switches: 5
	Involuntary context switches: 696
	Swaps: 0
	File system inputs: 0
	File system outputs: 48
	Socket messages sent: 0
	Socket messages received: 0
	Signals delivered: 0
	Page size (bytes): 4096
	Exit status: 0
EXIT_STATUS=0
END_UTC=2026-07-25T17:59:44Z
1b689602e0f90142127100751c056c3e24365f32cfcd582bc95775407f00a41e  experiments/X-2805-directed-prime-producer/results/target-c1e11/discovery/shards/shard-4400-4500.json
