START_UTC=2026-07-25T17:59:44Z
WORKER=0 SHARD=48 RANGE=4800:4900
COMMAND=stream.py cutoff=100000000000 carrier=4709203636353.65 cells=1024 segment_size=20000000 start=4800 end=4900 higher=false
Python 3.12.3
numpy=2.3.5
platform=Linux-6.12.94+-x86_64-with-glibc2.39
	Command being timed: "/workspace/.venv/bin/python experiments/X-0801-piecewise-carrier-tail/stream.py --cutoff 100000000000 --carrier 4709203636353.65 --cells 1024 --segment-size 20000000 --start-segment 4800 --end-segment 4900 --output experiments/X-2805-directed-prime-producer/results/target-c1e11/discovery/shards/shard-4800-4900.json"
	User time (seconds): 22.67
	System time (seconds): 1.05
	Percent of CPU this job got: 100%
	Elapsed (wall clock) time (h:mm:ss or m:ss): 0:23.62
	Average shared text size (kbytes): 0
	Average unshared data size (kbytes): 0
	Average stack size (kbytes): 0
	Average total size (kbytes): 0
	Maximum resident set size (kbytes): 141784
	Average resident set size (kbytes): 0
	Major (requiring I/O) page faults: 0
	Minor (reclaiming a frame) page faults: 491309
	Voluntary context switches: 6
	Involuntary context switches: 123
	Swaps: 0
	File system inputs: 0
	File system outputs: 48
	Socket messages sent: 0
	Socket messages received: 0
	Signals delivered: 0
	Page size (bytes): 4096
	Exit status: 0
EXIT_STATUS=0
END_UTC=2026-07-25T18:00:08Z
c5b5059539721bb25832674c9ba0c46e4d7bb43beda50685e95e766727f2eb2a  experiments/X-2805-directed-prime-producer/results/target-c1e11/discovery/shards/shard-4800-4900.json
