START_UTC=2026-07-25T17:58:05Z
WORKER=0 SHARD=32 RANGE=3200:3300
COMMAND=stream.py cutoff=100000000000 carrier=4709203636353.65 cells=1024 segment_size=20000000 start=3200 end=3300 higher=false
Python 3.12.3
numpy=2.3.5
platform=Linux-6.12.94+-x86_64-with-glibc2.39
	Command being timed: "/workspace/.venv/bin/python experiments/X-0801-piecewise-carrier-tail/stream.py --cutoff 100000000000 --carrier 4709203636353.65 --cells 1024 --segment-size 20000000 --start-segment 3200 --end-segment 3300 --output experiments/X-2805-directed-prime-producer/results/target-c1e11/discovery/shards/shard-3200-3300.json"
	User time (seconds): 23.21
	System time (seconds): 1.19
	Percent of CPU this job got: 99%
	Elapsed (wall clock) time (h:mm:ss or m:ss): 0:24.46
	Average shared text size (kbytes): 0
	Average unshared data size (kbytes): 0
	Average stack size (kbytes): 0
	Average total size (kbytes): 0
	Maximum resident set size (kbytes): 143200
	Average resident set size (kbytes): 0
	Major (requiring I/O) page faults: 0
	Minor (reclaiming a frame) page faults: 503302
	Voluntary context switches: 6
	Involuntary context switches: 1226
	Swaps: 0
	File system inputs: 0
	File system outputs: 48
	Socket messages sent: 0
	Socket messages received: 0
	Signals delivered: 0
	Page size (bytes): 4096
	Exit status: 0
EXIT_STATUS=0
END_UTC=2026-07-25T17:58:30Z
84f1d9a0c8ec051bd1b9e949e1a97be5c7b36bffbe8dd431c9ef5e0a480cd2cf  experiments/X-2805-directed-prime-producer/results/target-c1e11/discovery/shards/shard-3200-3300.json
