START_UTC=2026-07-25T17:58:30Z
WORKER=2 SHARD=38 RANGE=3800:3900
COMMAND=stream.py cutoff=100000000000 carrier=4709203636353.65 cells=1024 segment_size=20000000 start=3800 end=3900 higher=false
Python 3.12.3
numpy=2.3.5
platform=Linux-6.12.94+-x86_64-with-glibc2.39
	Command being timed: "/workspace/.venv/bin/python experiments/X-0801-piecewise-carrier-tail/stream.py --cutoff 100000000000 --carrier 4709203636353.65 --cells 1024 --segment-size 20000000 --start-segment 3800 --end-segment 3900 --output experiments/X-2805-directed-prime-producer/results/target-c1e11/discovery/shards/shard-3800-3900.json"
	User time (seconds): 23.15
	System time (seconds): 1.23
	Percent of CPU this job got: 99%
	Elapsed (wall clock) time (h:mm:ss or m:ss): 0:24.42
	Average shared text size (kbytes): 0
	Average unshared data size (kbytes): 0
	Average stack size (kbytes): 0
	Average total size (kbytes): 0
	Maximum resident set size (kbytes): 142728
	Average resident set size (kbytes): 0
	Major (requiring I/O) page faults: 0
	Minor (reclaiming a frame) page faults: 514220
	Voluntary context switches: 6
	Involuntary context switches: 846
	Swaps: 0
	File system inputs: 0
	File system outputs: 48
	Socket messages sent: 0
	Socket messages received: 0
	Signals delivered: 0
	Page size (bytes): 4096
	Exit status: 0
EXIT_STATUS=0
END_UTC=2026-07-25T17:58:55Z
174cb9d79a7e013e3d26397ad9d718445316f2746c39f1d620e501f788bd8a30  experiments/X-2805-directed-prime-producer/results/target-c1e11/discovery/shards/shard-3800-3900.json
