START_UTC=2026-07-25T17:59:21Z
WORKER=3 SHARD=47 RANGE=4700:4800
COMMAND=stream.py cutoff=100000000000 carrier=4709203636353.65 cells=1024 segment_size=20000000 start=4700 end=4800 higher=false
Python 3.12.3
numpy=2.3.5
platform=Linux-6.12.94+-x86_64-with-glibc2.39
	Command being timed: "/workspace/.venv/bin/python experiments/X-0801-piecewise-carrier-tail/stream.py --cutoff 100000000000 --carrier 4709203636353.65 --cells 1024 --segment-size 20000000 --start-segment 4700 --end-segment 4800 --output experiments/X-2805-directed-prime-producer/results/target-c1e11/discovery/shards/shard-4700-4800.json"
	User time (seconds): 23.66
	System time (seconds): 1.30
	Percent of CPU this job got: 99%
	Elapsed (wall clock) time (h:mm:ss or m:ss): 0:25.10
	Average shared text size (kbytes): 0
	Average unshared data size (kbytes): 0
	Average stack size (kbytes): 0
	Average total size (kbytes): 0
	Maximum resident set size (kbytes): 142104
	Average resident set size (kbytes): 0
	Major (requiring I/O) page faults: 0
	Minor (reclaiming a frame) page faults: 451353
	Voluntary context switches: 6
	Involuntary context switches: 996
	Swaps: 0
	File system inputs: 0
	File system outputs: 48
	Socket messages sent: 0
	Socket messages received: 0
	Signals delivered: 0
	Page size (bytes): 4096
	Exit status: 0
EXIT_STATUS=0
END_UTC=2026-07-25T17:59:46Z
bab7a3c5716d9580f44b5411d1719e3ed03649a5054f5f19d22703a63218697a  experiments/X-2805-directed-prime-producer/results/target-c1e11/discovery/shards/shard-4700-4800.json
