======================================================================================================================
alpha=1.0  T=0.5  Phi(T)=0.060377452  Phi'(T)=-0.73378625  C := 2|Phi'(T)|/(2 pi alpha)^2 = 0.03717404574
  j     E_j (signed, 14 sig)  sgn=(-1)^j?       j*|E_j|     j^2*|E_j|  j^2|E_j|/C  loc.slope  |Xi(2 pi a j)|  |E_j|/|Xi_j|
----------------------------------------------------------------------------------------------------------------------
  1      -0.0073347943145022          yes   0.007334794   0.007334794   0.1973096                   0.193308     0.0379436
  2       0.0052221899496707          yes    0.01044438    0.02088876   0.5619178     0.4901      0.00497707       1.04925
  3      -0.0033194008554102          yes   0.009958203    0.02987461   0.8036415     1.1176     0.000147913       22.4416
  4        0.002102365307823          yes   0.008409461    0.03363784   0.9048745     1.5876      1.43405e-7       14660.3
  5      -0.0014043965174242          yes   0.007021983    0.03510991   0.9444738     1.8081      7.85916e-9      178696.0
  6      0.00099459165135572          yes    0.00596755     0.0358053   0.9631801     1.8924     1.91868e-11    5.18374e+7
  7     -0.00073866947143826          yes   0.005170686     0.0361948   0.9736579     1.9298     1.13806e-12    6.49059e+8
  8      0.00056932583381433          yes   0.004554607    0.03643685   0.9801692     1.9501     5.84938e-15   9.73309e+10
  9     -0.00045182937336497          yes   0.004066464    0.03659818   0.9845089     1.9625     1.60498e-17   2.81518e+13
 10      0.00036711350148247          yes   0.003671135    0.03671135   0.9875533     1.9707     2.37731e-18   1.54424e+14
 11     -0.00030408197480195          yes   0.003344902    0.03679392   0.9897744     1.9764     4.25728e-21   7.14263e+16
 12      0.00025594491476984          yes   0.003071339    0.03685607   0.9914462     1.9806     2.62482e-23   9.75095e+18
 13     -0.00021836715800756          yes   0.002838773    0.03690405    0.992737     1.9837     1.17939e-24   1.85153e+20
 14       0.0001884790049546          yes   0.002638706    0.03694188   0.9937548     1.9862     1.92374e-27   9.79754e+22
 15     -0.00016432114197249          yes   0.002464817    0.03697226   0.9945718     1.9881     1.50394e-29    1.0926e+25
 16      0.00014451958626526          yes   0.002312313    0.03699701   0.9952378     1.9896     4.05201e-31   3.56661e+26
 17     -0.00012808811166364          yes   0.002177498    0.03701746   0.9957879     1.9909     1.22967e-33   1.04165e+29
 18      0.00011430418060316          yes   0.002057475    0.03703455   0.9962476     1.9919      2.0717e-35   5.51741e+30
 19     -0.00010262876585994          yes   0.001949947    0.03704898   0.9966358     1.9928     1.85692e-37   5.52684e+32
 20       9.2653200752449e-5          yes   0.001853064    0.03706128   0.9969666     1.9935     3.10536e-39   2.98366e+34
 21      -8.4063138163551e-5          yes   0.001765326    0.03707184   0.9972507     1.9942     1.05605e-41   7.96014e+36
 22       7.6613608997228e-5          yes   0.001685499    0.03708099   0.9974967     1.9947      1.4861e-44   5.15535e+39
 23      -7.0111442501306e-5          yes   0.001612563    0.03708895    0.997711     1.9952     1.44056e-45   4.86695e+40
 24       6.4402668044981e-5          yes   0.001545664    0.03709594   0.9978988     1.9956     4.75942e-49   1.35316e+44
 25      -5.9363349358781e-5          yes   0.001484084    0.03710209   0.9980644     1.9959     1.72701e-50   3.43735e+45
 26       5.4892823364175e-5          yes   0.001427213    0.03710755   0.9982112     1.9963     2.20998e-52   2.48386e+47
 27      -5.0908649228079e-5          yes   0.001374534    0.03711241   0.9983418     1.9965     4.13919e-55   1.22992e+50
 28        4.734279082776e-5          yes   0.001325598    0.03711675   0.9984587     1.9968     1.03053e-56   4.59404e+51
 29      -4.4138700229375e-5          yes   0.001280022    0.03712065   0.9985635      1.997     1.89359e-60   2.33095e+55
 30       4.1249067213645e-5          yes   0.001237472    0.03712416   0.9986581     1.9972     1.58061e-60   2.60969e+55
 31      -3.8634066600729e-5          yes   0.001197656    0.03712734   0.9987435     1.9974     5.74459e-63    6.7253e+57
 32       3.6259981450779e-5          yes   0.001160319    0.03713022   0.9988211     1.9976     2.49038e-65     1.456e+60
 33      -3.4098112797056e-5          yes   0.001125238    0.03713284   0.9988917     1.9977     5.96571e-67   5.71569e+61
 34       3.2123909758991e-5          yes   0.001092213    0.03713524   0.9989561     1.9978     9.03262e-70   3.55643e+64
 35        -3.03162705752e-5          yes   0.001061069    0.03713743   0.9990151      1.998     1.86417e-71   1.62626e+66
 36       2.8656977238533e-5          yes   0.001031651    0.03713944   0.9990692     1.9981     4.01462e-73   7.13816e+67
 37      -2.7130235334553e-5          yes   0.001003819    0.03714129   0.9991189     1.9982     7.32705e-76   3.70275e+70
 38       2.5722297297663e-5          yes  0.0009774473      0.037143   0.9991648     1.9983     1.02059e-77   2.52033e+72
 39      -2.4421152244669e-5          yes  0.0009524249    0.03714457   0.9992072     1.9984     2.23486e-79   1.09274e+74
 40       2.3216269274883e-5          yes  0.0009286508    0.03714603   0.9992464     1.9984     3.94646e-82   5.88281e+76
======================================================================================================================
alpha=0.7  T=0.714286  Phi(T)=0.0017634056  Phi'(T)=-0.037842051  C := 2|Phi'(T)|/(2 pi alpha)^2 = 0.003912450411
  j     E_j (signed, 14 sig)  sgn=(-1)^j?       j*|E_j|     j^2*|E_j|  j^2|E_j|/C  loc.slope  |Xi(2 pi a j)|  |E_j|/|Xi_j|
----------------------------------------------------------------------------------------------------------------------
  1     -0.00014497808012472          yes  0.0001449781  0.0001449781  0.03705557                   0.315624   0.000459338
  2      0.00013400657763836          yes  0.0002680132  0.0005360263   0.1370053    0.11353       0.0721609    0.00185705
  3     -0.00011843472979995          yes  0.0003553042   0.001065913   0.2724412    0.30465      0.00217777     0.0543834
  4      0.00010110887615675          yes  0.0004044355   0.001617742   0.4134856    0.54979     0.000391815      0.258053
  5      -8.4371760941245e-5          yes  0.0004218588   0.002109294   0.5391235    0.81098      7.70831e-6       10.9456
  6       6.9610160177519e-5          yes   0.000417661   0.002505966   0.6405106     1.0549      6.65973e-7       104.524
  7       -5.731581055093e-5          yes  0.0004012107   0.002808475   0.7178301     1.2607      6.06719e-9       9446.84
  8       4.7401784025635e-5          yes  0.0003792143   0.003033714      0.7754     1.4223      1.64989e-9       28730.3
  9      -3.9520630544974e-5          yes  0.0003556857   0.003201171   0.8182011     1.5438     3.70721e-11    1.06605e+6
 10       3.3270603496254e-5          yes   0.000332706    0.00332706   0.8503776     1.6339     1.13806e-12    2.92344e+7
 11      -2.8291426966984e-5          yes  0.0003112057   0.003423263   0.8749664     1.7009     1.49361e-14    1.89416e+9
 12       2.4292180838546e-5          yes  0.0002915062   0.003498074   0.8940878     1.7515     5.21467e-16   4.65843e+10
 13      -2.1048705930582e-5          yes  0.0002736332   0.003557231    0.909208     1.7905     5.92129e-17   3.55475e+11
 14         1.83914931859e-5          yes  0.0002574809   0.003604733   0.9213491      1.821     2.48307e-18   7.40675e+12
 15      -1.6192915635342e-5          yes  0.0002428937   0.003643406   0.9312338     1.8453     6.05157e-20   2.67582e+14
 16       1.4356583657496e-5          yes  0.0002297053   0.003675285    0.939382      1.865     3.09706e-21   4.63555e+15
 17      -1.2809199980278e-5          yes  0.0002177564   0.003701859    0.946174     1.8812     1.47347e-22   8.69324e+16
 18       1.1494543962272e-5          yes  0.0002069018   0.003724232   0.9518925     1.8946     9.74582e-25   1.17943e+19
 19      -1.0369087105534e-5          yes  0.0001970127    0.00374324   0.9567509     1.9058     9.37249e-26   1.10633e+20
 20       9.3988051739569e-6          yes  0.0001879761   0.003759522   0.9609124     1.9154     1.92374e-27    4.8857e+21
 21      -8.5568528173458e-6          yes  0.0001796939   0.003773572   0.9645035     1.9235     3.89943e-29   2.19439e+23
 22       7.8218567271076e-6          yes  0.0001720808   0.003785779   0.9676234     1.9306     6.59538e-30   1.18596e+24
 23       -7.176652993677e-6          yes   0.000165063   0.003796449   0.9703508     1.9367     5.69063e-32   1.26114e+26
 24       6.6073450555844e-6          yes  0.0001585763   0.003805831   0.9727486      1.942     8.02176e-34   8.23678e+27
 25      -6.1025946253951e-6          yes  0.0001525649   0.003814122   0.9748677     1.9467     4.20198e-34   1.45231e+28
 26       5.6530832626095e-6          yes  0.0001469802   0.003821484   0.9767496     1.9508     3.79502e-37    1.4896e+31
 27      -5.2510999873264e-6          yes  0.0001417797   0.003828052   0.9784282     1.9545     2.24124e-38   2.34294e+32
 28       4.8902227820009e-6          yes  0.0001369262   0.003833935   0.9799318     1.9578     1.52137e-39   3.21435e+33
 29       -4.565070622857e-6          yes   0.000132387   0.003839224   0.9812838     1.9607     2.10803e-41   2.16556e+35
 30       4.2711089329977e-6          yes  0.0001281333   0.003843998    0.982504     1.9633     1.05605e-41   4.04441e+35
 31      -4.0044958243267e-6          yes  0.0001241394    0.00384832   0.9836088     1.9657     9.51439e-43   4.20889e+36
 32       3.7619597241354e-6          yes  0.0001203827   0.003852247   0.9846123     1.9679     3.81379e-45   9.86409e+38
 33      -3.5407013301535e-6          yes  0.0001168431   0.003855824   0.9855265     1.9698     6.69783e-46   5.28634e+39
 34       3.3383145587618e-6          yes  0.0001135027   0.003859092   0.9863618     1.9716     7.85882e-48   4.24786e+41
 35       -3.152722422219e-6          yes  0.0001103453   0.003862085   0.9871269     1.9733     9.47048e-49     3.329e+42
 36        2.982124716839e-6          yes  0.0001073565   0.003864834   0.9878294     1.9747     5.18595e-51    5.7504e+44
 37       -2.824955113418e-6          yes  0.0001045233   0.003867364   0.9884761     1.9761     2.86645e-52   9.85525e+45
 38       2.6798457768898e-6          yes  0.0001018341   0.003869697   0.9890725     1.9774     1.08605e-54   2.46752e+48
 39      -2.5455980494993e-6          yes   9.927832e-5   0.003871855    0.989624     1.9785     1.63752e-54   1.55454e+48
 40       2.4211580435616e-6          yes   9.684632e-5   0.003873853   0.9901347     1.9796     1.03053e-56   2.34944e+50
======================================================================================================================
alpha=0.5  T=1.0  Phi(T)=2.7556279e-7  Phi'(T)=-1.1515396e-5  C := 2|Phi'(T)|/(2 pi alpha)^2 = 2.333507022e-6
  j     E_j (signed, 14 sig)  sgn=(-1)^j?       j*|E_j|     j^2*|E_j|  j^2|E_j|/C  loc.slope  |Xi(2 pi a j)|  |E_j|/|Xi_j|
----------------------------------------------------------------------------------------------------------------------
  1      -1.2496664155374e-8          yes   1.249666e-8   1.249666e-8 0.005355315                    0.39502    3.16355e-8
  2       1.2330808401279e-8          yes   2.466162e-8   4.932323e-8  0.02113696   0.019276        0.193308    6.37885e-8
  3      -1.2062661661365e-8          yes   3.618798e-8    1.08564e-7  0.04652395   0.054224       0.0524671    2.29909e-7
  4       1.1703801749971e-8          yes   4.681521e-8   1.872608e-7  0.08024867    0.10498      0.00497707    2.35155e-6
  5      -1.1268891364363e-8          yes   5.634446e-8   2.817223e-7   0.1207291     0.1697      0.00079836     1.4115e-5
  6       1.0774419525098e-8          yes   6.464652e-8   3.878791e-7   0.1662215    0.24611     0.000147913    7.28431e-5
  7      -1.0237423377396e-8          yes   7.166196e-8   5.016337e-7   0.2149699    0.33165      7.70831e-6     0.0013281
  8       9.6743431559874e-9          yes   7.739475e-8    6.19158e-7   0.2653337    0.42367      1.43405e-7     0.0674615
  9      -9.1001194600547e-9          yes   8.190108e-8   7.371097e-7   0.3158806    0.51951      2.36812e-7     0.0384276
 10       8.5275873279231e-9          yes   8.527587e-8   8.527587e-7   0.3654408    0.61675      7.85916e-9       1.08505
 11        -7.96716914028e-9          yes   8.763886e-8   9.640275e-7   0.4131239    0.71322      2.19843e-9       3.62403
 12       7.4268279087446e-9          yes   8.912193e-8   1.069463e-6   0.4583073    0.80714     1.91868e-11       387.081
 13       -6.912218701704e-9          yes   8.985884e-8   1.168165e-6   0.5006049    0.89712      1.0161e-12       6802.71
 14       6.4269685740465e-9          yes   8.997756e-8   1.259686e-6   0.5398252    0.98218     1.13806e-12       5647.29
 15      -5.9730207363055e-9          yes   8.959531e-8    1.34393e-6    0.575927     1.0617      1.3889e-13       43005.5
 16       5.5509917061171e-9          yes   8.881587e-8   1.421054e-6   0.6089778     1.1354     5.84938e-15      948987.0
 17      -5.1605059540067e-9          yes    8.77286e-8   1.491386e-6   0.6391179     1.2032     7.68361e-16    6.71626e+6
 18       4.8004874659346e-9          yes   8.640877e-8   1.555358e-6   0.6665324     1.2652     1.60498e-17      2.991e+8
 19      -4.4693996432794e-9          yes   8.491859e-8   1.613453e-6   0.6914285     1.3218     2.51343e-18    1.77821e+9
 20       4.1654333614943e-9          yes   8.330867e-8   1.666173e-6   0.7140211     1.3732     2.37731e-18    1.75216e+9
 21      -3.8866480539919e-9          yes   8.161961e-8   1.714012e-6   0.7345218     1.4198     6.05157e-20   6.42255e+10
 22       3.6310730891693e-9          yes   7.988361e-8   1.757439e-6   0.7531322     1.4621     4.25728e-21   8.52909e+11
 23      -3.3967772934583e-9          yes   7.812588e-8   1.796895e-6   0.7700406     1.5005     2.60827e-22   1.30231e+13
 24       3.1819139759442e-9          yes   7.636594e-8   1.832782e-6   0.7854197     1.5354     2.62482e-23   1.21224e+14
 25      -2.9847477837361e-9          yes   7.461869e-8   1.865467e-6   0.7994265      1.567     4.98174e-24   5.99138e+14
 26       2.8036685275972e-9          yes   7.289538e-8    1.89528e-6   0.8122024     1.5958     1.17939e-24   2.37723e+15
 27      -2.6371959756715e-9          yes   7.120429e-8   1.922516e-6    0.823874     1.6219      5.9247e-27   4.45119e+17
 28       2.4839786211805e-9          yes    6.95514e-8   1.947439e-6   0.8345547     1.6458     1.92374e-27   1.29123e+18
 29      -2.3427886205433e-9          yes   6.794087e-8   1.970285e-6   0.8443451     1.6676     1.05454e-27   2.22161e+18
 30        2.212514466183e-9          yes   6.637543e-8   1.991263e-6   0.8533349     1.6876     1.50394e-29   1.47114e+20
 31       -2.092152480375e-9          yes   6.485673e-8   2.010559e-6   0.8616038     1.7059     5.93105e-30   3.52746e+20
 32       1.9807978643681e-9          yes   6.338553e-8   2.028337e-6   0.8692226     1.7227     4.05201e-31   4.88843e+21
 33      -1.8776357830731e-9          yes   6.196198e-8   2.044745e-6   0.8762542     1.7382       1.908e-33   9.84087e+23
 34       1.7819327859758e-9          yes   6.058571e-8   2.059914e-6   0.8827547     1.7524     1.22967e-33   1.44912e+24
 35      -1.6930287401876e-9          yes   5.925601e-8    2.07396e-6   0.8887739     1.7656     4.20198e-34   4.02912e+24
 36       1.6103293666408e-9          yes   5.797186e-8   2.086987e-6   0.8943564     1.7777      2.0717e-35   7.77299e+25
 37      -1.5332994139564e-9          yes   5.673208e-8   2.099087e-6   0.8995417      1.789     3.96614e-38   3.86598e+28
 38       1.4614564680596e-9          yes   5.553535e-8   2.110343e-6   0.9043655     1.7995     1.85692e-37   7.87034e+27
 39      -1.3943653730635e-9          yes   5.438025e-8    2.12083e-6   0.9088594     1.8092     5.04395e-39   2.76443e+29
 40       1.3316332258957e-9          yes   5.326533e-8   2.130613e-6    0.913052     1.8182     3.10536e-39   4.28818e+29
======================================================================================================================
alpha=0.4  T=1.25  Phi(T)=2.5141767e-13  Phi'(T)=-1.8092841e-11  C := 2|Phi'(T)|/(2 pi alpha)^2 = 5.728712827e-12
  j     E_j (signed, 14 sig)  sgn=(-1)^j?       j*|E_j|     j^2*|E_j|  j^2|E_j|/C  loc.slope  |Xi(2 pi a j)|  |E_j|/|Xi_j|
----------------------------------------------------------------------------------------------------------------------
  1     -6.7849510448488e-15          yes  6.784951e-15  6.784951e-15 0.001184376                   0.429291    1.5805e-14
  2      6.7633583839916e-15          yes  1.352672e-14  2.705343e-14 0.004722428  0.0045986        0.273785   2.47032e-14
  3     -6.7276466743079e-15          yes  2.018294e-14  6.054882e-14  0.01056936   0.013057        0.124488   5.40424e-14
  4      6.6782224093579e-15          yes  2.671289e-14  1.068516e-13  0.01865193   0.025631       0.0367888   1.81529e-13
  5     -6.6156398421493e-15          yes   3.30782e-14   1.65391e-13  0.02887053   0.042194      0.00497707   1.32922e-12
  6      6.5405869404731e-15          yes  3.924352e-14  2.354611e-13  0.04110193    0.06258     0.000732067   8.93441e-12
  7     -6.4538684040558e-15          yes  4.517708e-14  3.162396e-13  0.05520255   0.086585     0.000391815   1.64717e-11
  8      6.3563864523899e-15          yes  5.085109e-14  4.068087e-13  0.07101224    0.11398      3.07177e-5   2.06929e-10
  9     -6.2491201524683e-15          yes  5.624208e-14  5.061787e-13   0.0883582     0.1445      6.89259e-6   9.06643e-10
 10      6.1331040712726e-15          yes  6.133104e-14  6.133104e-13    0.107059    0.17786      1.43405e-7    4.27676e-8
 11     -6.0094070108333e-15          yes  6.610348e-14  7.271382e-13   0.1269287    0.21377      3.94397e-7    1.52369e-8
 12      5.8791115190979e-15          yes  7.054934e-14  8.465921e-13   0.1477805    0.25193      8.17759e-9     7.1893e-7
 13     -5.7432947751503e-15          yes  7.466283e-14  9.706168e-13   0.1694302      0.292       1.2002e-9    4.78526e-6
 14       5.603011331415e-15          yes  7.844216e-14   1.09819e-12   0.1916993    0.33369      1.64989e-9      3.396e-6
 15     -5.4592780678102e-15          yes  8.188917e-14  1.228338e-12   0.2144177    0.37667     1.91868e-11   0.000284534
 16      5.3130615825464e-15          yes  8.500899e-14  1.360144e-12   0.2374257    0.42065     1.44322e-11   0.000368139
 17      -5.165268119529e-15          yes  8.780956e-14  1.492762e-12   0.2605755    0.46534     1.83975e-12    0.00280759
 18      5.0167360197401e-15          yes  9.030125e-14  1.625422e-12   0.2837326    0.51047     1.14783e-12    0.00437061
 19     -4.8682305882971e-15          yes  9.249638e-14  1.757431e-12   0.3067759    0.55577     2.18966e-14      0.222328
 20      4.7204411929798e-15          yes  9.440882e-14  1.888176e-12   0.3295987    0.60102     5.84938e-15      0.806998
 21     -4.5739803549098e-15          yes  9.605359e-14  2.017125e-12    0.352108      0.646     5.21467e-16       8.77137
 22      4.4293845572306e-15          yes  9.744646e-14  2.143822e-12   0.3742241    0.69052     4.31175e-16       10.2728
 23     -4.2871164813063e-15          yes  9.860368e-14  2.267885e-12   0.3958803    0.73442     4.72361e-17       90.7592
 24      4.1475683795224e-15          yes  9.954164e-14  2.388999e-12    0.417022    0.77755     2.16504e-18        1915.7
 25     -4.0110663061292e-15          yes  1.002767e-13  2.506916e-12   0.4376055    0.81978     2.37731e-18       1687.23
 26      3.8778749494782e-15          yes  1.008247e-13  2.621443e-12   0.4575973    0.86102     4.15104e-20       93419.4
 27     -3.7482028373262e-15          yes  1.012015e-13   2.73244e-12   0.4769727    0.90118     1.60622e-20      233356.0
 28      3.6222077188043e-15          yes  1.014218e-13  2.839811e-12   0.4957153     0.9402     3.09706e-21    1.16956e+6
 29     -3.5000019597953e-15          yes  1.015001e-13  2.943502e-12   0.5138155    0.97802     6.81536e-22    5.13546e+6
 30      3.3816578209259e-15          yes  1.014497e-13  3.043492e-12   0.5312698     1.0146     2.62482e-23    1.28834e+8
 31     -3.2672125177905e-15          yes  1.012836e-13  3.139791e-12   0.5480797       1.05     6.73956e-24    4.84781e+8
 32      3.1566729904262e-15          yes  1.010135e-13  3.232433e-12   0.5642512     1.0841     2.79438e-24    1.12965e+9
 33     -3.0500203329419e-15          yes  1.006507e-13  3.321472e-12   0.5797938     1.1169     9.41686e-27   3.23889e+11
 34      2.9472138543536e-15          yes  1.002053e-13  3.406979e-12   0.5947198     1.1486     2.79572e-26   1.05419e+11
 35     -2.8481947581451e-15          yes  9.968682e-14  3.489039e-12   0.6090441      1.179     1.92374e-27   1.48055e+12
 36      2.7528894410829e-15          yes  9.910402e-14  3.567745e-12    0.622783     1.2081     1.77921e-27   1.54726e+12
 37     -2.6612124217031e-15          yes  9.846486e-14    3.6432e-12   0.6359543     1.2362     6.93488e-29   3.83743e+13
 38      2.5730689160612e-15          yes  9.777662e-14  3.715512e-12    0.648577      1.263      3.8376e-30   6.70489e+14
 39     -2.4883570832091e-15          yes  9.704593e-14  3.784791e-12   0.6606704     1.2888     3.06399e-30   8.12131e+14
 40      2.4069699658557e-15          yes   9.62788e-14  3.851152e-12   0.6722543     1.3135     4.05201e-31   5.94019e+15

wrote full.json
