window centre 100.62 done, 2s
window centre 101.82 done, 3s
window centre 103.02 done, 5s
window centre 104.22 done, 7s
window centre 105.42 done, 9s
window centre 106.62 done, 10s
window centre 107.82 done, 12s
window centre 109.02 done, 14s
window centre 110.22 done, 15s
window centre 111.42 done, 17s
window centre 112.62 done, 19s
window centre 113.82 done, 21s
window centre 115.02 done, 23s
window centre 116.22 done, 24s
window centre 117.42 done, 26s
window centre 118.62 done, 28s
window centre 119.82 done, 30s
window centre 121.02 done, 32s
window centre 122.22 done, 33s
window centre 123.42 done, 35s
window centre 124.62 done, 37s
window centre 125.82 done, 39s
window centre 127.02 done, 41s
window centre 128.22 done, 43s
window centre 129.42 done, 45s
window centre 130.62 done, 47s
window centre 131.82 done, 49s
window centre 133.02 done, 51s
window centre 134.22 done, 53s
window centre 135.42 done, 55s
window centre 136.62 done, 57s
window centre 137.82 done, 58s
window centre 139.02 done, 61s
window centre 140.22 done, 63s
window centre 141.42 done, 65s
window centre 142.62 done, 67s
window centre 143.82 done, 69s
window centre 145.02 done, 71s
window centre 146.22 done, 73s
window centre 147.42 done, 75s
window centre 148.62 done, 76s
window centre 149.82 done, 78s
window centre 151.02 done, 80s
window centre 152.22 done, 83s
window centre 153.42 done, 85s
window centre 154.62 done, 87s
window centre 155.82 done, 89s
window centre 157.02 done, 91s
window centre 158.22 done, 93s
window centre 159.42 done, 95s
window centre 160.62 done, 97s

=== window [100.0, 160.0]: 30 zeros of Xi; 28 Gram points
Gram mesh: sign changes of Xi between consecutive Gram points: 27 of 27 intervals (100.0%)
K= 5: mesh M=30  U+=25 U-=5  min/M=0.167  same-sign edges=19 of 29 (65.5%)  true zeros of Xi inside mesh span=29  ratio detected/true=0.655  K*phi mod pi=1.011
K=11: mesh M=30  U+=22 U-=8  min/M=0.267  same-sign edges=17 of 29 (58.6%)  true zeros of Xi inside mesh span=29  ratio detected/true=0.586  K*phi mod pi=0.967
K=21: mesh M=29  U+=28 U-=1  min/M=0.034  same-sign edges=26 of 28 (92.9%)  true zeros of Xi inside mesh span=28  ratio detected/true=0.929  K*phi mod pi=2.988
K=31: mesh M=29  U+=12 U-=17  min/M=0.414  same-sign edges=11 of 28 (39.3%)  true zeros of Xi inside mesh span=29  ratio detected/true=0.379  K*phi mod pi=1.867
total 97s
