window centre 5000.62 done, 17s
window centre 5001.82 done, 32s
window centre 5003.02 done, 47s
window centre 5004.22 done, 62s
window centre 5005.42 done, 77s
window centre 5006.62 done, 92s
window centre 5007.82 done, 106s
window centre 5009.02 done, 121s
window centre 5010.22 done, 136s
window centre 5011.42 done, 150s
window centre 5012.62 done, 165s
window centre 5013.82 done, 179s
window centre 5015.02 done, 194s
window centre 5016.22 done, 208s
window centre 5017.42 done, 223s
window centre 5018.62 done, 237s
window centre 5019.82 done, 253s
window centre 5021.02 done, 267s
window centre 5022.22 done, 282s
window centre 5023.42 done, 297s
window centre 5024.62 done, 311s

=== window [5000.0, 5024.0]: 27 zeros of Xi; 25 Gram points
Gram mesh: sign changes of Xi between consecutive Gram points: 18 of 24 intervals (75.0%)
K= 5: mesh M=27  U+=7 U-=20  min/M=0.259  same-sign edges=14 of 26 (53.8%)  true zeros of Xi inside mesh span=26  ratio detected/true=0.538  K*phi mod pi=2.726
K=11: mesh M=26  U+=5 U-=21  min/M=0.192  same-sign edges=17 of 25 (68.0%)  true zeros of Xi inside mesh span=25  ratio detected/true=0.680  K*phi mod pi=0.970
K=21: mesh M=27  U+=9 U-=18  min/M=0.333  same-sign edges=16 of 26 (61.5%)  true zeros of Xi inside mesh span=26  ratio detected/true=0.615  K*phi mod pi=0.138
K=31: mesh M=27  U+=21 U-=6  min/M=0.222  same-sign edges=16 of 26 (61.5%)  true zeros of Xi inside mesh span=26  ratio detected/true=0.615  K*phi mod pi=2.448
total 313s
