window centre 1000.62 done, 6s
window centre 1001.82 done, 13s
window centre 1003.02 done, 19s
window centre 1004.22 done, 26s
window centre 1005.42 done, 32s
window centre 1006.62 done, 39s
window centre 1007.82 done, 45s
window centre 1009.02 done, 52s
window centre 1010.22 done, 59s
window centre 1011.42 done, 66s
window centre 1012.62 done, 73s
window centre 1013.82 done, 80s
window centre 1015.02 done, 87s
window centre 1016.22 done, 94s
window centre 1017.42 done, 100s
window centre 1018.62 done, 107s
window centre 1019.82 done, 113s
window centre 1021.02 done, 120s
window centre 1022.22 done, 126s
window centre 1023.42 done, 133s
window centre 1024.62 done, 140s
window centre 1025.82 done, 146s
window centre 1027.02 done, 153s
window centre 1028.22 done, 159s
window centre 1029.42 done, 166s
window centre 1030.62 done, 173s
window centre 1031.82 done, 179s
window centre 1033.02 done, 186s
window centre 1034.22 done, 193s
window centre 1035.42 done, 199s
window centre 1036.62 done, 206s
window centre 1037.82 done, 212s
window centre 1039.02 done, 219s
window centre 1040.22 done, 226s
window centre 1041.42 done, 232s
window centre 1042.62 done, 239s
window centre 1043.82 done, 245s
window centre 1045.02 done, 252s
window centre 1046.22 done, 259s
window centre 1047.42 done, 265s
window centre 1048.62 done, 272s

=== window [1000.0, 1048.0]: 40 zeros of Xi; 39 Gram points
Gram mesh: sign changes of Xi between consecutive Gram points: 34 of 38 intervals (89.5%)
K= 5: mesh M=40  U+=19 U-=21  min/M=0.475  same-sign edges=20 of 39 (51.3%)  true zeros of Xi inside mesh span=40  ratio detected/true=0.500  K*phi mod pi=3.073
K=11: mesh M=40  U+=3 U-=37  min/M=0.075  same-sign edges=33 of 39 (84.6%)  true zeros of Xi inside mesh span=39  ratio detected/true=0.846  K*phi mod pi=1.734
K=21: mesh M=40  U+=2 U-=38  min/M=0.050  same-sign edges=35 of 39 (89.7%)  true zeros of Xi inside mesh span=39  ratio detected/true=0.897  K*phi mod pi=1.597
K=31: mesh M=40  U+=2 U-=38  min/M=0.050  same-sign edges=35 of 39 (89.7%)  true zeros of Xi inside mesh span=39  ratio detected/true=0.897  K*phi mod pi=1.460
total 273s
