[A1] CHECK PASS: (old-eq:2.7) - [exponent table l.13846-13856] = M' + Delta_child exactly (no theta, no n)
[A2] CHECK PASS: (2.13): M' = m' + q' = M + J - g - g_2 + t_2, M = m + q
[A3] CHECK PASS: LHS(theta) = a_0 - 2b_2 + p_2 - w - B_c - ell - (1-theta)m' - q' - theta f  (l.14453-14457 at theta=1/6)
[A4] CHECK PASS: LHS(theta) = A - (1-theta)M - F_1(theta) - F_2(theta) identically in theta, with F_2(theta) = 2b_2 - (1-theta)g_2 - p_2 + t_2 + theta V + theta f
[A5] CHECK PASS: split is forced: the b_2,g_2,p_2,t_2,V,f-part of A-(1-theta)M-LHS is exactly F_2(theta); the remainder is F_1(theta) and contains no second-transform symbol
[A6] CHECK PASS: dLHS/dtheta = m' - f (count exponent is the only theta input); F_2 coefficients {'b_2': 2, 'g_2': theta - 1, 'p_2': -1, 't_2': 1, 'V': theta, 'f': theta}
[A7] CHECK PASS: theta = 1/6 gives the manuscript's (2.15)-(2.16) verbatim
[A8] CHECK PASS: theta = 1/3 gives (LF): F_2 = 2b_2 - (2/3)g_2 - p_2 + t_2 + V/3 + f/3, and the cubic F_1
[A-CTRL1] CTRL PASS: sextic F_2 coefficients with the cubic count do not close: residual -V/6 - f/6 - g_2/6
[A-CTRL2] CTRL PASS: sextic count exponent (m'-f)/6 with the cubic F_1, F_2 does not close: residual -D_k/6 + E/6 + R/6 + V/6 + c/6 - d/6 + f/6 + g/6 + g_2/6 - m/6 + w/3
[A-CTRL3] CTRL PASS: dropping V from q' (2.13) breaks (LF): residual V
[B1] CHECK PASS: forced residue -(i+1) mod n: n=6, i=1 -> 4 (l. 14357); n=3: i=1..6 -> 1,0,2,1,0,2
[B2] CHECK PASS: n=6: q_h0 >= Z^{4 v_1}; the manuscript's f = 2v_1 is a weakening (2 <= 4). n=3: q_h0 >= Z^{v_1} only, so f = v_1 and no weakening is available
[B3] CHECK PASS: Z[omega], nonunit i=1 prime p (Np = 7, 13), row factor p^2: n -> chi_n(p^(2+k)) is principal iff k = 1, 4 (k <= 5), and otherwise non-constant on two primary primes congruent mod 18 (230 primary primes of norm <= 1500); exceptional k per Np: [(7, [1, 4]), (13, [1, 4])]
[B-CTRL1] CTRL PASS: transcribing the manuscript's f = 2v_1 to n = 3 claims q_h0 >= q_p^2 at each i=1 prime; the exceptional row h' = p (norm q_p^1) refutes it at Np = 7 and 13
[C1] CHECK PASS: theta=1/6, f=2v_1: manuscript table l.14509-14515 reproduced (i <= 48); min F_2/b_2 = 2/3 (= manuscript (2.17))
[C2] CHECK PASS: theta=1/3, f=v_1: LEMMAS_4BCD_GH Sec.5 table reproduced (i <= 60); min F_2/b_2 = 1 (kappa_2 = 1); min F_2 - min(c_2,d_2) = 0; tight types [('equal n|i', 3), ('nonunit', 1), ('nonunit', 2)] (= CUBIC_ALLOCATION_LOSS)
[C3] CHECK PASS: n = 3..12, theta = 1/n, f = (n-2)v_1 (true forcing): F_2 = b_2 at nonunit i = 1; the sextic 2/3 is the manuscript's weakening f = 2v_1, not a theta effect
[C-CTRL1] CTRL PASS: theta=1/3 with f = 0: min F_2/b_2 = 2/3 = 2 theta < 1 (kappa_2 = 1 needs f)
[C-CTRL2] CTRL PASS: theta=1/3 with the naive f = 2v_1: F_2 - b_2 = 1/3 at nonunit i=1, an unearned spare (refuted by B3/B-CTRL1)
[C-CTRL3] CTRL PASS: sextic t_2 rule at n=3, i=3 (Np=7): exact local value 245 = P^2(P-2) exceeds the unit bound P^2 = 49
SUMMARY: checks 14/14 PASS; failing controls detected 7/7
