[01:10:11] RUN theta0.0_w0.05-20
[01:12:17]   z=(0.2000,1.0000) w=(0.05,20.0): line=5 box=5 disc=0
[01:14:17]   z=(0.3500,1.0000) w=(0.05,20.0): line=6 box=6 disc=0
[01:15:09]   z=(0.5000,1.0000) w=(0.05,20.0): line=5 box=5 disc=0
[01:17:10]   z=(0.6500,1.0000) w=(0.05,20.0): line=6 box=6 disc=0
[01:19:14]   z=(0.8000,1.0000) w=(0.05,20.0): line=5 box=5 disc=0
[01:19:14]   -> clean through r=0.8 in window (0.05,20.0)
[01:19:14] RUN theta15.0_w0.05-20
[01:21:19]   z=(0.1932,1.0518) w=(0.05,20.0): line=5 box=5 disc=0
[01:23:11]   z=(0.3381,1.0906) w=(0.05,20.0): line=7 box=7 disc=0
[01:25:09]   z=(0.4830,1.1294) w=(0.05,20.0): line=5 box=5 disc=0
[01:27:04]   z=(0.6279,1.1682) w=(0.05,20.0): line=5 box=5 disc=0
[01:29:03]   z=(0.7727,1.2071) w=(0.05,20.0): line=7 box=7 disc=0
[01:29:03]   -> clean through r=0.8 in window (0.05,20.0)
[01:29:03] RUN theta30.0_w0.05-20
[01:30:57]   z=(0.1732,1.1000) w=(0.05,20.0): line=5 box=5 disc=0
[01:32:47]   z=(0.3031,1.1750) w=(0.05,20.0): line=7 box=7 disc=0
[01:34:54]   z=(0.4330,1.2500) w=(0.05,20.0): line=6 box=6 disc=0
[01:36:59]   z=(0.5629,1.3250) w=(0.05,20.0): line=8 box=8 disc=0
[01:39:06]   z=(0.6928,1.4000) w=(0.05,20.0): line=8 box=8 disc=0
[01:39:06]   -> clean through r=0.8 in window (0.05,20.0)
[01:39:06] RUN theta45.0_w0.05-20
[01:41:02]   z=(0.1414,1.1414) w=(0.05,20.0): line=5 box=5 disc=0
[01:43:01]   z=(0.2475,1.2475) w=(0.05,20.0): line=6 box=6 disc=0
[01:45:10]   z=(0.3536,1.3536) w=(0.05,20.0): line=8 box=8 disc=0
[01:47:06]   z=(0.4596,1.4596) w=(0.05,20.0): line=5 box=5 disc=0
[01:49:07]   z=(0.5657,1.5657) w=(0.05,20.0): line=5 box=5 disc=0
[01:49:07]   -> clean through r=0.8 in window (0.05,20.0)
[01:49:07] RUN theta60.0_w0.05-20
[01:50:57]   z=(0.1000,1.1732) w=(0.05,20.0): line=5 box=5 disc=0
[01:53:11]   z=(0.1750,1.3031) w=(0.05,20.0): line=6 box=6 disc=0
[01:55:22]   z=(0.2500,1.4330) w=(0.05,20.0): line=8 box=8 disc=0
[01:57:20]   z=(0.3250,1.5629) w=(0.05,20.0): line=9 box=9 disc=0
[01:59:15]   z=(0.4000,1.6928) w=(0.05,20.0): line=10 box=10 disc=0
[01:59:15]   -> clean through r=0.8 in window (0.05,20.0)
[01:59:15] RUN theta75.0_w0.05-20
[02:01:09]   z=(0.0518,1.1932) w=(0.05,20.0): line=5 box=5 disc=0
[02:03:16]   z=(0.0906,1.3381) w=(0.05,20.0): line=6 box=6 disc=0
[02:05:18]   z=(0.1294,1.4830) w=(0.05,20.0): line=7 box=9 disc=2
[02:07:20]   z=(0.1100,1.4105) w=(0.05,20.0): line=8 box=8 disc=0
[02:09:22]   z=(0.1197,1.4467) w=(0.05,20.0): line=8 box=8 disc=0
[02:11:23]   z=(0.1246,1.4649) w=(0.05,20.0): line=8 box=8 disc=0
[02:11:23]   -> departure radius in (0.481, 0.500]
[02:11:23] RUN theta82.5_w0.05-20
[02:13:11]   z=(0.0261,1.1983) w=(0.05,20.0): line=5 box=5 disc=0
[02:15:14]   z=(0.0457,1.3470) w=(0.05,20.0): line=6 box=6 disc=0
[02:17:17]   z=(0.0653,1.4957) w=(0.05,20.0): line=5 box=5 disc=0
[02:19:08]   z=(0.0848,1.6444) w=(0.05,20.0): line=7 box=7 disc=0
[02:21:01]   z=(0.1044,1.7932) w=(0.05,20.0): line=10 box=10 disc=0
[02:21:01]   -> clean through r=0.8 in window (0.05,20.0)
[02:21:01] RUN theta86.0_w0.05-20
[02:22:45]   z=(0.0140,1.1995) w=(0.05,20.0): line=5 box=5 disc=0
[02:24:49]   z=(0.0244,1.3491) w=(0.05,20.0): line=6 box=6 disc=0
[02:26:49]   z=(0.0349,1.4988) w=(0.05,20.0): line=5 box=5 disc=0
[02:28:40]   z=(0.0453,1.6484) w=(0.05,20.0): line=5 box=5 disc=0
[02:30:42]   z=(0.0558,1.7981) w=(0.05,20.0): line=10 box=10 disc=0
[02:30:42]   -> clean through r=0.8 in window (0.05,20.0)
[02:30:42] RUN theta88.0_w0.05-20
[02:32:36]   z=(0.0070,1.1999) w=(0.05,20.0): line=5 box=5 disc=0
[02:34:47]   z=(0.0122,1.3498) w=(0.05,20.0): line=6 box=6 disc=0
[02:36:57]   z=(0.0174,1.4997) w=(0.05,20.0): line=5 box=5 disc=0
[02:38:50]   z=(0.0227,1.6496) w=(0.05,20.0): line=5 box=5 disc=0
[02:41:01]   z=(0.0279,1.7995) w=(0.05,20.0): line=10 box=10 disc=0
[02:41:01]   -> clean through r=0.8 in window (0.05,20.0)
[02:41:01] RUN theta90.0_w0.05-20
[02:42:55]   z=(0.0000,1.2000) w=(0.05,20.0): line=5 box=5 disc=0
[02:45:05]   z=(0.0000,1.3500) w=(0.05,20.0): line=6 box=6 disc=0
[02:47:17]   z=(0.0000,1.5000) w=(0.05,20.0): line=5 box=5 disc=0
[02:49:13]   z=(0.0000,1.6500) w=(0.05,20.0): line=5 box=5 disc=0
[02:51:13]   z=(0.0000,1.8000) w=(0.05,20.0): line=11 box=11 disc=0
[02:51:13]   -> clean through r=0.8 in window (0.05,20.0)
[02:51:13] RUN theta0.0_w18-32
[02:52:25]   z=(0.2000,1.0000) w=(18.0,32.0): line=7 box=7 disc=0
[02:53:34]   z=(0.3500,1.0000) w=(18.0,32.0): line=8 box=8 disc=0
[02:54:05]   z=(0.5000,1.0000) w=(18.0,32.0): line=6 box=8 disc=2
[02:55:21]   z=(0.4250,1.0000) w=(18.0,32.0): line=6 box=6 disc=0
[02:56:38]   z=(0.4625,1.0000) w=(18.0,32.0): line=6 box=8 disc=2
[02:57:51]   z=(0.4437,1.0000) w=(18.0,32.0): line=6 box=6 disc=0
[02:57:51]   -> departure radius in (0.444, 0.463]
[02:57:51] RUN theta45.0_w18-32
[02:58:59]   z=(0.1414,1.1414) w=(18.0,32.0): line=8 box=8 disc=0
[03:00:08]   z=(0.2475,1.2475) w=(18.0,32.0): line=5 box=5 disc=0
[03:01:20]   z=(0.3536,1.3536) w=(18.0,32.0): line=8 box=8 disc=0
[03:02:28]   z=(0.4596,1.4596) w=(18.0,32.0): line=7 box=7 disc=0
[03:03:37]   z=(0.5657,1.5657) w=(18.0,32.0): line=9 box=9 disc=0
[03:03:37]   -> clean through r=0.8 in window (18.0,32.0)
[03:03:37] C8 done
