[23:15:18] STEP 1: path-A event resolution at x=0.35, y=1.02, window (0.05,35)
[23:18:32]   z=(0.3500,1.0200) window=(0.05,35.0): n_line=13 n_box=15 disc=2 anomaly=None
[23:19:54]   z=(0.3500,1.0200) window=(0.05,12.0): n_line=3 n_box=3 disc=0 anomaly=None
[23:21:01]   z=(0.3500,1.0200) window=(12.0,24.0): n_line=4 n_box=4 disc=0 anomaly=None
[23:21:35]   z=(0.3500,1.0200) window=(24.0,30.0): n_line=2 n_box=4 disc=2 anomaly=None
[23:22:01]   z=(0.3500,1.0200) window=(30.0,35.0): n_line=4 n_box=4 disc=0 anomaly=None
[23:22:01] STEP 2: E4 grid
[23:22:01] direction x_dir_(1,0)
[23:24:09]   z=(0.2000,1.0000) window=(0.05,20.0): n_line=5 n_box=5 disc=0 anomaly=None
[23:26:13]   z=(0.4000,1.0000) window=(0.05,20.0): n_line=6 n_box=6 disc=0 anomaly=None
[23:28:16]   z=(0.6000,1.0000) window=(0.05,20.0): n_line=6 n_box=6 disc=0 anomaly=None
[23:30:22]   z=(0.8000,1.0000) window=(0.05,20.0): n_line=5 n_box=5 disc=0 anomaly=None
[23:30:22] direction y_dir_(0,1)
[23:31:22]   z=(0.0000,1.2000) window=(0.05,20.0): n_line=5 n_box=5 disc=0 anomaly=None
[23:32:34]   z=(0.0000,1.4000) window=(0.05,20.0): n_line=6 n_box=6 disc=0 anomaly=None
[23:33:36]   z=(0.0000,1.6000) window=(0.05,20.0): n_line=5 n_box=7 disc=2 anomaly=None
[23:34:35]   z=(0.0000,1.5000) window=(0.05,20.0): n_line=5 n_box=5 disc=0 anomaly=None
[23:35:45]   z=(0.0000,1.5500) window=(0.05,20.0): n_line=5 n_box=5 disc=0 anomaly=None
[23:36:52]   z=(0.0000,1.5750) window=(0.05,20.0): n_line=5 n_box=7 disc=2 anomaly=None
[23:37:58]   z=(0.0000,1.5625) window=(0.05,20.0): n_line=5 n_box=5 disc=0 anomaly=None
[23:39:04]   z=(0.0000,1.5688) window=(0.05,20.0): n_line=5 n_box=5 disc=0 anomaly=None
[23:39:04] direction diag_(1,1)
[23:41:01]   z=(0.1414,1.1414) window=(0.05,20.0): n_line=5 n_box=5 disc=0 anomaly=None
[23:43:07]   z=(0.2828,1.2828) window=(0.05,20.0): n_line=6 n_box=6 disc=0 anomaly=None
[23:45:09]   z=(0.4243,1.4243) window=(0.05,20.0): n_line=5 n_box=5 disc=0 anomaly=None
[23:47:11]   z=(0.5657,1.5657) window=(0.05,20.0): n_line=5 n_box=5 disc=0 anomaly=None
[23:47:11] direction shallow_(2,1)
[23:49:09]   z=(0.1789,1.0894) window=(0.05,20.0): n_line=5 n_box=5 disc=0 anomaly=None
[23:51:04]   z=(0.3578,1.1789) window=(0.05,20.0): n_line=6 n_box=6 disc=0 anomaly=None
[23:53:05]   z=(0.5367,1.2683) window=(0.05,20.0): n_line=6 n_box=6 disc=0 anomaly=None
[23:55:15]   z=(0.7155,1.3578) window=(0.05,20.0): n_line=8 n_box=8 disc=0 anomaly=None
[23:55:15] E4 done
