[14:09:25] validations:
[14:09:25]   Spouge vs gamma at 0.7: |diff| = 4.82e-24
[14:09:25]   Spouge vs gamma at (0.9 + 12.3j): |diff| = 1.75e-27
[14:09:25]   Gamma(s,x) at (0.9+12.3i, 2.1): |diff| = 6.78e-26
[14:09:25]   Gamma(s,x) at (0.9+12.3i, 40.0): |diff| = 1.77e-27
[14:09:25]   Gamma(s,x) at (0.1+-12.3i, 5.0): |diff| = 4.19e-27
[14:09:25] lattice: 88 vectors with Q <= 28
[14:09:25] lattice tail bound: 4.906e-21
[14:09:27]   Lambda(0.9+12.3i) iv-mid vs float: |diff| = 1.48e-27 (tail bound 4.91e-21)
[14:09:27] B bound: A1=8.72e-12 A2=3.61e-11 K=1.32e-11 -> B=5.796e-11
[14:09:27] Lipschitz M = 1.449e-9
[14:12:25]   step 200: edge 2, pos 0.043, ell~5.72e-14, 178s
[14:15:18]   step 400: edge 2, pos 0.084, ell~5.46e-14, 352s
[14:18:14]   step 600: edge 2, pos 0.124, ell~5.23e-14, 527s
[14:21:08]   step 800: edge 2, pos 0.161, ell~5.02e-14, 702s
[14:24:07]   step 1000: edge 2, pos 0.198, ell~4.83e-14, 880s
[14:27:02]   step 1200: edge 2, pos 0.233, ell~4.67e-14, 1055s
[14:29:57]   step 1400: edge 2, pos 0.266, ell~4.52e-14, 1230s
[14:32:55]   step 1600: edge 2, pos 0.299, ell~4.39e-14, 1408s
[14:35:50]   step 1800: edge 2, pos 0.331, ell~4.28e-14, 1584s
[14:38:45]   step 2000: edge 2, pos 0.362, ell~4.17e-14, 1758s
[14:41:39]   step 2200: edge 2, pos 0.392, ell~4.08e-14, 1932s
[14:44:36]   step 2400: edge 2, pos 0.422, ell~4.01e-14, 2109s
[14:47:29]   step 2600: edge 2, pos 0.452, ell~3.94e-14, 2282s
[14:50:29]   step 2800: edge 2, pos 0.480, ell~3.88e-14, 2462s
[14:53:25]   step 3000: edge 2, pos 0.509, ell~3.84e-14, 2638s
[14:56:23]   step 3200: edge 2, pos 0.537, ell~3.8e-14, 2816s
[14:59:16]   step 3400: edge 2, pos 0.565, ell~3.77e-14, 2990s
[15:02:11]   step 3600: edge 2, pos 0.592, ell~3.74e-14, 3164s
[15:05:07]   step 3800: edge 2, pos 0.620, ell~3.73e-14, 3340s
[15:08:08]   step 4000: edge 2, pos 0.647, ell~3.72e-14, 3521s
[15:11:33]   step 4200: edge 2, pos 0.674, ell~3.71e-14, 3726s
[15:14:28]   step 4400: edge 2, pos 0.702, ell~3.71e-14, 3901s
[15:17:32]   step 4600: edge 2, pos 0.729, ell~3.72e-14, 4086s
[15:20:54]   step 4800: edge 2, pos 0.757, ell~3.73e-14, 4288s
