[14:09:22] validations:
[14:09:22]   Spouge vs gamma at 0.7: |diff| = 4.82e-24
[14:09:22]   Spouge vs gamma at (0.9 + 12.3j): |diff| = 1.75e-27
[14:09:22]   Gamma(s,x) at (0.9+12.3i, 2.1): |diff| = 6.78e-26
[14:09:22]   Gamma(s,x) at (0.9+12.3i, 40.0): |diff| = 1.77e-27
[14:09:22]   Gamma(s,x) at (0.1+-12.3i, 5.0): |diff| = 4.19e-27
[14:09:22] lattice: 88 vectors with Q <= 28
[14:09:22] lattice tail bound: 4.906e-21
[14:09:23]   Lambda(0.9+12.3i) iv-mid vs float: |diff| = 1.48e-27 (tail bound 4.91e-21)
[14:09:23] B bound: A1=8.72e-12 A2=3.61e-11 K=1.32e-11 -> B=5.796e-11
[14:09:23] Lipschitz M = 1.449e-9
[14:12:23]   step 200: edge 0, pos 0.040, ell~5.39e-14, 180s
[14:15:19]   step 400: edge 0, pos 0.079, ell~5.32e-14, 355s
[14:18:16]   step 600: edge 0, pos 0.118, ell~5.24e-14, 532s
[14:21:13]   step 800: edge 0, pos 0.157, ell~5.18e-14, 710s
[14:24:14]   step 1000: edge 0, pos 0.195, ell~5.12e-14, 890s
[14:27:13]   step 1200: edge 0, pos 0.232, ell~5.07e-14, 1069s
[14:30:10]   step 1400: edge 0, pos 0.269, ell~5.04e-14, 1247s
[14:33:10]   step 1600: edge 0, pos 0.306, ell~5.02e-14, 1427s
[14:36:08]   step 1800: edge 0, pos 0.343, ell~5.01e-14, 1605s
[14:39:05]   step 2000: edge 0, pos 0.380, ell~5.01e-14, 1781s
[14:42:01]   step 2200: edge 0, pos 0.417, ell~5.04e-14, 1957s
[14:44:58]   step 2400: edge 0, pos 0.454, ell~5.08e-14, 2135s
[14:47:56]   step 2600: edge 0, pos 0.492, ell~5.15e-14, 2313s
[14:50:56]   step 2800: edge 0, pos 0.530, ell~5.24e-14, 2492s
[14:53:56]   step 3000: edge 0, pos 0.569, ell~5.36e-14, 2672s
[14:56:55]   step 3200: edge 0, pos 0.609, ell~5.5e-14, 2851s
[14:59:49]   step 3400: edge 0, pos 0.650, ell~5.68e-14, 3026s
[15:02:44]   step 3600: edge 0, pos 0.693, ell~5.89e-14, 3201s
[15:05:41]   step 3800: edge 0, pos 0.737, ell~6.15e-14, 3377s
[15:08:52]   step 4000: edge 0, pos 0.783, ell~6.45e-14, 3568s
[15:12:12]   step 4200: edge 0, pos 0.832, ell~6.8e-14, 3768s
[15:15:09]   step 4400: edge 0, pos 0.884, ell~7.21e-14, 3945s
[15:18:25]   step 4600: edge 0, pos 0.939, ell~7.7e-14, 4141s
