[14:09:27] validations:
[14:09:27]   Spouge vs gamma at 0.7: |diff| = 4.82e-24
[14:09:27]   Spouge vs gamma at (0.9 + 12.3j): |diff| = 1.75e-27
[14:09:27]   Gamma(s,x) at (0.9+12.3i, 2.1): |diff| = 6.78e-26
[14:09:27]   Gamma(s,x) at (0.9+12.3i, 40.0): |diff| = 1.77e-27
[14:09:27]   Gamma(s,x) at (0.1+-12.3i, 5.0): |diff| = 4.19e-27
[14:09:27] lattice: 88 vectors with Q <= 28
[14:09:27] lattice tail bound: 4.906e-21
[14:09:29]   Lambda(0.9+12.3i) iv-mid vs float: |diff| = 1.48e-27 (tail bound 4.91e-21)
[14:09:29] B bound: A1=8.72e-12 A2=3.61e-11 K=1.32e-11 -> B=5.796e-11
[14:09:29] Lipschitz M = 1.449e-9
[14:12:28]   step 200: edge 3, pos 0.024, ell~3.88e-14, 180s
[14:15:18]   step 400: edge 3, pos 0.048, ell~3.79e-14, 349s
[14:18:16]   step 600: edge 3, pos 0.071, ell~3.71e-14, 527s
[14:21:11]   step 800: edge 3, pos 0.093, ell~3.63e-14, 702s
[14:24:08]   step 1000: edge 3, pos 0.115, ell~3.55e-14, 880s
[14:27:05]   step 1200: edge 3, pos 0.137, ell~3.48e-14, 1057s
[14:30:03]   step 1400: edge 3, pos 0.158, ell~3.41e-14, 1234s
[14:33:03]   step 1600: edge 3, pos 0.178, ell~3.35e-14, 1414s
[14:36:00]   step 1800: edge 3, pos 0.199, ell~3.28e-14, 1591s
[14:38:57]   step 2000: edge 3, pos 0.219, ell~3.23e-14, 1768s
[14:41:56]   step 2200: edge 3, pos 0.238, ell~3.17e-14, 1947s
[14:44:53]   step 2400: edge 3, pos 0.258, ell~3.12e-14, 2124s
[14:47:51]   step 2600: edge 3, pos 0.277, ell~3.08e-14, 2302s
[14:50:53]   step 2800: edge 3, pos 0.295, ell~3.04e-14, 2484s
[14:53:51]   step 3000: edge 3, pos 0.314, ell~3.0e-14, 2663s
[14:56:52]   step 3200: edge 3, pos 0.332, ell~2.96e-14, 2843s
[14:59:48]   step 3400: edge 3, pos 0.350, ell~2.93e-14, 3019s
[15:02:43]   step 3600: edge 3, pos 0.368, ell~2.91e-14, 3194s
[15:05:40]   step 3800: edge 3, pos 0.386, ell~2.89e-14, 3371s
[15:08:51]   step 4000: edge 3, pos 0.404, ell~2.87e-14, 3562s
[15:12:10]   step 4200: edge 3, pos 0.421, ell~2.86e-14, 3761s
[15:15:08]   step 4400: edge 3, pos 0.439, ell~2.85e-14, 3940s
[15:18:22]   step 4600: edge 3, pos 0.456, ell~2.85e-14, 4133s
[15:21:34]   step 4800: edge 3, pos 0.474, ell~2.85e-14, 4326s
[15:24:00]   step 5000: edge 3, pos 0.491, ell~2.86e-14, 4471s
[15:26:23]   step 5200: edge 3, pos 0.509, ell~2.87e-14, 4614s
[15:28:42]   step 5400: edge 3, pos 0.526, ell~2.89e-14, 4753s
[15:31:02]   step 5600: edge 3, pos 0.544, ell~2.91e-14, 4893s
[15:33:20]   step 5800: edge 3, pos 0.562, ell~2.94e-14, 5031s
[15:35:40]   step 6000: edge 3, pos 0.580, ell~2.98e-14, 5171s
[15:38:00]   step 6200: edge 3, pos 0.599, ell~3.03e-14, 5312s
[15:40:21]   step 6400: edge 3, pos 0.618, ell~3.08e-14, 5452s
[15:42:40]   step 6600: edge 3, pos 0.637, ell~3.14e-14, 5591s
[15:45:01]   step 6800: edge 3, pos 0.656, ell~3.2e-14, 5732s
[15:47:19]   step 7000: edge 3, pos 0.676, ell~3.28e-14, 5871s
[15:49:38]   step 7200: edge 3, pos 0.696, ell~3.37e-14, 6009s
[15:51:56]   step 7400: edge 3, pos 0.717, ell~3.46e-14, 6147s
[15:54:15]   step 7600: edge 3, pos 0.739, ell~3.57e-14, 6286s
[15:56:32]   step 7800: edge 3, pos 0.761, ell~3.69e-14, 6423s
[15:58:51]   step 8000: edge 3, pos 0.784, ell~3.82e-14, 6562s
[16:01:10]   step 8200: edge 3, pos 0.808, ell~3.97e-14, 6701s
[16:03:28]   step 8400: edge 3, pos 0.833, ell~4.13e-14, 6839s
[16:05:47]   step 8600: edge 3, pos 0.859, ell~4.31e-14, 6978s
[16:08:06]   step 8800: edge 3, pos 0.886, ell~4.51e-14, 7118s
[16:10:26]   step 9000: edge 3, pos 0.914, ell~4.73e-14, 7257s
[16:12:44]   step 9200: edge 3, pos 0.944, ell~4.98e-14, 7395s
[16:15:03]   step 9400: edge 3, pos 0.975, ell~5.25e-14, 7534s
[16:16:48] steps: 9550; min ell: 2.847e-14
[16:16:48] EDGE 3 DONE
