== (2000,20)  Kmax=100  |W|=20  primes<=K: 25 (core 4)
   min_p min_H Sigma^f = +0.584015 at exit p=39   (true mu value there +0.584015; global true min +0.584015)
   FREE min at that exit = -2.480058  (class-H rescue factor -0.2355)
   minimizer prime signs: +1 at NONE (= lambda = true mu)
   window aggregate: min_H = +16.248435 (true +16.248435); +1 primes NONE
   V2 direct re-eval of minimizer: +0.584015 (delta 4.44e-16)
   V3 flow recheck (mpmath dps30): Sigma^f(39) = +0.58401545  (coeff path +0.58401545; delta 1.22e-15); min over W = +0.58401545
   distances of minimizer: D2(f,lambda)=0.0000  D2(f,1)=3.6056  min_t D2(f,n^it)=0.6084 at t=14.085
      best chi_D: D=5 D2=0.8120;  best lambda*chi_D: D=-39 D2=1.3090
   single-flip spectrum at p=39: min delta(q) = -0.0000 at q=53; smallest: [(53, np.float64(-0.0)), (59, np.float64(-0.0)), (61, np.float64(-0.0)), (67, np.float64(-0.0)), (71, np.float64(-0.0)), (73, np.float64(-0.0))]
   exits where some f in H beats lambda: 0/20
   p:         20      21      22      23      24      25      26      27      28      29      30      31
   minH:  +0.637  +0.724  +0.724  +0.688  +0.726  +0.647  +0.893  +0.826  +1.063  +0.799  +1.066  +0.754
   true:  +0.637  +0.724  +0.724  +0.688  +0.726  +0.647  +0.893  +0.826  +1.063  +0.799  +1.066  +0.754
   exits with min_H < 0: 0/20   scaled sqrt(n)*min = +2.6118   [0.4s]

== (3000,25)  Kmax=120  |W|=25  primes<=K: 30 (core 4)
   min_p min_H Sigma^f = +0.515181 at exit p=25   (true mu value there +0.515181; global true min +0.515181)
   FREE min at that exit = -6.450226  (class-H rescue factor -0.0799)
   minimizer prime signs: +1 at NONE (= lambda = true mu)
   window aggregate: min_H = +18.593064 (true +18.593064); +1 primes NONE
   V2 direct re-eval of minimizer: +0.515181 (delta 5.55e-16)
   V3 flow recheck (mpmath dps30): Sigma^f(25) = +0.51518079  (coeff path +0.51518079; delta 4.77e-15); min over W = +0.51518079
   distances of minimizer: D2(f,lambda)=0.0000  D2(f,1)=3.6996  min_t D2(f,n^it)=0.6164 at t=14.100
      best chi_D: D=5 D2=0.8501;  best lambda*chi_D: D=-39 D2=1.3835
   single-flip spectrum at p=25: min delta(q) = +0.0373 at q=113; smallest: [(113, np.float64(0.0373)), (109, np.float64(0.0386)), (107, np.float64(0.0393)), (103, np.float64(0.0408)), (101, np.float64(0.0416)), (97, np.float64(0.0432))]
   exits where some f in H beats lambda: 0/25
   p:         25      26      27      28      29      30      31      32      33      34      35      36
   minH:  +0.515  +0.687  +0.676  +0.634  +0.593  +0.636  +0.617  +0.597  +0.825  +1.056  +0.773  +1.046
   true:  +0.515  +0.687  +0.676  +0.634  +0.593  +0.636  +0.617  +0.597  +0.825  +1.056  +0.773  +1.046
   exits with min_H < 0: 0/25   scaled sqrt(n)*min = +2.5759   [0.8s]

== (3000,100)  Kmax=30  |W|=100  primes<=K: 10 (core 3)
   min_p min_H Sigma^f = +0.203502 at exit p=129   (true mu value there +0.203502; global true min +0.203502)
   FREE min at that exit = -0.343191  (class-H rescue factor -0.5930)
   minimizer prime signs: +1 at NONE (= lambda = true mu)
   window aggregate: min_H = +28.735581 (true +28.735581); +1 primes NONE
   V1 brute-force full enumeration: min = +0.203502  (match 0.00e+00)
   V2 direct re-eval of minimizer: +0.203502 (delta 0.00e+00)
   V3 flow recheck (mpmath dps30): Sigma^f(129) = +0.20350246  (coeff path +0.20350246; delta 6.11e-15); min over W = +0.20350246
   distances of minimizer: D2(f,lambda)=0.0000  D2(f,1)=3.0669  min_t D2(f,n^it)=0.3569 at t=14.070
      best chi_D: D=5 D2=0.5560;  best lambda*chi_D: D=-39 D2=1.0748
   single-flip spectrum at p=129: min delta(q) = -0.0000 at q=29; smallest: [(29, np.float64(-0.0)), (23, np.float64(0.0366)), (19, np.float64(0.0441)), (17, np.float64(0.049)), (13, np.float64(0.0626)), (11, np.float64(0.0726))]
   exits where some f in H beats lambda: 0/100
   p:        100     101     102     103     104     105     106     107     108     109     110     111
   minH:  +0.226  +0.278  +0.285  +0.285  +0.299  +0.288  +0.296  +0.283  +0.290  +0.281  +0.288  +0.267
   true:  +0.226  +0.278  +0.285  +0.285  +0.299  +0.288  +0.296  +0.283  +0.290  +0.281  +0.288  +0.267
   exits with min_H < 0: 0/100   scaled sqrt(n)*min = +2.0350   [1.8s]

== (4000,15)  Kmax=266  |W|=15  primes<=K: 56 (core 6)
   min_p min_H Sigma^f = +0.769789 at exit p=19   (true mu value there +0.769789; global true min +0.769789)
   FREE min at that exit = -14.405241  (class-H rescue factor -0.0534)
   minimizer prime signs: +1 at NONE (= lambda = true mu)
   window aggregate: min_H = +16.520474 (true +16.520474); +1 primes NONE
   V2 direct re-eval of minimizer: +0.769789 (delta 6.66e-16)
   V3 flow recheck (mpmath dps30): Sigma^f(19) = +0.76978923  (coeff path +0.76978923; delta 2.92e-14); min over W = +0.76978923
   distances of minimizer: D2(f,lambda)=0.0000  D2(f,1)=3.9827  min_t D2(f,n^it)=0.7648 at t=14.125
      best chi_D: D=5 D2=0.9921;  best lambda*chi_D: D=-39 D2=1.5258
   single-flip spectrum at p=19: min delta(q) = -0.0000 at q=211; smallest: [(211, np.float64(-0.0)), (223, np.float64(-0.0)), (227, np.float64(-0.0)), (229, np.float64(-0.0)), (233, np.float64(-0.0)), (239, np.float64(-0.0))]
   exits where some f in H beats lambda: 0/15
   p:         15      16      17      18      19      20      21      22      23      24      25      26
   minH:  +0.800  +1.085  +0.960  +0.965  +0.770  +1.472  +1.207  +1.437  +1.067  +1.465  +1.013  +1.249
   true:  +0.800  +1.085  +0.960  +0.965  +0.770  +1.472  +1.207  +1.437  +1.067  +1.465  +1.013  +1.249
   exits with min_H < 0: 0/15   scaled sqrt(n)*min = +2.9814   [0.8s]

== (6000,15)  Kmax=400  |W|=15  primes<=K: 78 (core 8)
   min_p min_H Sigma^f = +0.795860 at exit p=15   (true mu value there +0.795860; global true min +0.795860)
   FREE min at that exit = -24.934674  (class-H rescue factor -0.0319)
   minimizer prime signs: +1 at NONE (= lambda = true mu)
   window aggregate: min_H = +17.480845 (true +17.480845); +1 primes NONE
   V2 direct re-eval of minimizer: +0.795860 (delta 2.22e-16)
   V3 flow recheck (mpmath dps30): Sigma^f(15) = +0.79585995  (coeff path +0.79585995; delta 5.05e-14); min over W = +0.79585995
   distances of minimizer: D2(f,lambda)=0.0000  D2(f,1)=4.1176  min_t D2(f,n^it)=0.8327 at t=14.130
      best chi_D: D=5 D2=1.0482;  best lambda*chi_D: D=-39 D2=1.5866
   single-flip spectrum at p=15: min delta(q) = +0.0029 at q=397; smallest: [(397, np.float64(0.0029)), (389, np.float64(0.011)), (383, np.float64(0.0172)), (379, np.float64(0.0215)), (373, np.float64(0.026)), (367, np.float64(0.0264))]
   exits where some f in H beats lambda: 0/15
   p:         15      16      17      18      19      20      21      22      23      24      25      26
   minH:  +0.796  +1.124  +1.039  +1.038  +0.852  +1.532  +1.219  +1.524  +1.140  +1.565  +1.100  +1.384
   true:  +0.796  +1.124  +1.039  +1.038  +0.852  +1.532  +1.219  +1.524  +1.140  +1.565  +1.100  +1.384
   exits with min_H < 0: 0/15   scaled sqrt(n)*min = +3.0824   [1.2s]

== (10000,20)  Kmax=500  |W|=20  primes<=K: 95 (core 8)
   min_p min_H Sigma^f = +0.777332 at exit p=25   (true mu value there +0.777332; global true min +0.777332)
   FREE min at that exit = -22.474785  (class-H rescue factor -0.0346)
   minimizer prime signs: +1 at NONE (= lambda = true mu)
   window aggregate: min_H = +20.604609 (true +20.604609); +1 primes NONE
   V2 direct re-eval of minimizer: +0.777332 (delta 7.77e-16)
   distances of minimizer: D2(f,lambda)=0.0000  D2(f,1)=4.1934  min_t D2(f,n^it)=0.8634 at t=14.085
      best chi_D: D=5 D2=1.0978;  best lambda*chi_D: D=-39 D2=1.6307
   single-flip spectrum at p=25: min delta(q) = -0.0000 at q=401; smallest: [(401, np.float64(-0.0)), (409, np.float64(-0.0)), (419, np.float64(-0.0)), (421, np.float64(-0.0)), (431, np.float64(-0.0)), (433, np.float64(-0.0))]
   exits where some f in H beats lambda: 0/20
   p:         20      21      22      23      24      25      26      27      28      29      30      31
   minH:  +0.824  +0.856  +0.893  +0.880  +0.788  +0.777  +1.254  +1.130  +1.394  +1.150  +1.445  +0.890
   true:  +0.824  +0.856  +0.893  +0.880  +0.788  +0.777  +1.254  +1.130  +1.394  +1.150  +1.445  +0.890
   exits with min_H < 0: 0/20   scaled sqrt(n)*min = +3.4763   [2.0s]

