BUILD_UTC=2026-07-26T00:08:52Z
Ubuntu clang version 18.1.3 (1ubuntu1)
Target: x86_64-pc-linux-gnu
Thread model: posix
InstalledDir: /usr/bin
3.0.1
libflint-dev=3.0.1-3.1build1
libmpfr-dev=4.2.1-1build1.1
libgmp-dev=2:6.3.0+dfsg-2ubuntu6.1
4794d71091184818e7422bd7bb0ebd9432a743c994906dc2297e7ea33d298495  experiments/X-9302-total-count-zero-deflation/flint_pr71_nested_total_counts.c
f68a10666d14a7730a5d4beb8a1819726c3982049f5351d4cce489afc12bea35  experiments/X-9301-zero-deflated-xi-modulus/build_pr71_rs_source.py
1ff4f391dc78aecd2fc2e73a4da507551a77618c7850d005733ea06c3f90ec5c  experiments/X-7501-xi-modulus/rs_modulus.c
{
  "denominator": 4294967296,
  "new_ordinate_numerator": "20225875608341108140435",
  "occurrences_replaced": 3,
  "old_ordinate_numerator": "20225875608343121406355",
  "patched_sha256": "2027866928d9c819dd0547f16a8fa921271c3b077ad2ea3f1a91734cb66ec9aa",
  "source_sha256": "1ff4f391dc78aecd2fc2e73a4da507551a77618c7850d005733ea06c3f90ec5c"
}
5bc81ec1a8857d8d4c428373c7d7d97aab657587278e512988b1c260aa14a487  /tmp/pr71_nested_total_counts
5200874f125c0c30f7c1fe5ed762df4f5780f1139433c22a21fb10d8b8d57b88  /tmp/pr71_rs_modulus
2027866928d9c819dd0547f16a8fa921271c3b077ad2ea3f1a91734cb66ec9aa  /tmp/pr71_rs_modulus.c
20eec02a72bbede8feea6999a84500b9944beb614713073d824cd43e4ee703e8  experiments/X-9302-total-count-zero-deflation/results/pr71/source-patch.json
	linux-vdso.so.1 (0x00007f33c2f1a000)
	libflint.so.18 => /lib/x86_64-linux-gnu/libflint.so.18 (0x00007f33c2413000)
	libmpfr.so.6 => /lib/x86_64-linux-gnu/libmpfr.so.6 (0x00007f33c2359000)
	libgmp.so.10 => /lib/x86_64-linux-gnu/libgmp.so.10 (0x00007f33c22d5000)
	libm.so.6 => /lib/x86_64-linux-gnu/libm.so.6 (0x00007f33c21ec000)
	libc.so.6 => /lib/x86_64-linux-gnu/libc.so.6 (0x00007f33c1fda000)
	/lib64/ld-linux-x86-64.so.2 (0x00007f33c2f1c000)
FINAL_SCALED_BUILD_UTC=2026-07-26T06:12:38Z
COMMON_XI_SCALE_POWER=5335951715288
REFLECTION_IDENTITY=conj(xi(1-conj(s))) = xi(1-s)
f1b5a3100723392c17e4595545944a85392c215eca5460e5b4a75331fec81fcb  /tmp/pr71_rs_modulus_scaled.c
72d1eaa26eb291e1123bce2108eb8b5728ce70757b1fea6a789230be5bbda5cf  /tmp/pr71_rs_modulus_scaled
3d2f662880f184d06ad2929160c8323e69f5c625f36a86b503336cb83b19cb46  experiments/X-9302-total-count-zero-deflation/results/pr71/source-patch-scaled.json
