{
 "schema": "riemann.x5601-detection-coverage.v1",
 "agent": "opus5-01",
 "classification": "floating throughout; the blocks are assembled by L-5603 in ordinary arithmetic and the response is the leading term of an eta-expansion. The claim is the order of magnitude of the coverage, not digits.",
 "cutoff": 1000000000,
 "cells": 1024,
 "carrier": "94184072727073/20",
 "T": 4709203636353.65,
 "ell_T": 4.351719952088318,
 "mean_spacing": 0.22979419884777208,
 "Delta": 3.298210194957425,
 "h": 0.0032209083935131103,
 "nyquist_ratio_Delta_over_ellT": 0.7579095693817955,
 "lambda_min_exact_form": 0.002348714873461333,
 "u_range_scanned": 6.0,
 "eta_min_global": 0.11675470110941011,
 "eta_min_argmin_u": 0.3200000000000003,
 "eta_min_median_over_u": 1.958798919235979,
 "pass_seconds": 316.0,
 "coverage_by_threshold": {
  "0.5": {
   "coverage_in_t": 1.040000000000001,
   "coverage_in_mean_spacings": 4.525788750171854,
   "fraction_of_scanned_range": 0.08666666666666674,
   "n_windows": 1,
   "windows": [
    [
     -0.5119999999999996,
     0.5200000000000005
    ]
   ],
   "seconds_per_unit_height": 303.8461538461536
  },
  "0.4": {
   "coverage_in_t": 1.016000000000001,
   "coverage_in_mean_spacings": 4.4213474713217344,
   "fraction_of_scanned_range": 0.08466666666666674,
   "n_windows": 1,
   "windows": [
    [
     -0.49599999999999955,
     0.5120000000000005
    ]
   ],
   "seconds_per_unit_height": 311.0236220472438
  },
  "0.3": {
   "coverage_in_t": 0.7920000000000007,
   "coverage_in_mean_spacings": 3.4465622020539506,
   "fraction_of_scanned_range": 0.06600000000000006,
   "n_windows": 2,
   "windows": [
    [
     -0.47199999999999953,
     -0.07200000000000006
    ],
    [
     0.1200000000000001,
     0.49600000000000044
    ]
   ],
   "seconds_per_unit_height": 398.9898989898986
  },
  "0.2": {
   "coverage_in_t": 0.5520000000000005,
   "coverage_in_mean_spacings": 2.4021494135527535,
   "fraction_of_scanned_range": 0.04600000000000004,
   "n_windows": 2,
   "windows": [
    [
     -0.4159999999999995,
     -0.14400000000000013
    ],
    [
     0.19200000000000017,
     0.4560000000000004
    ]
   ],
   "seconds_per_unit_height": 572.4637681159415
  },
  "0.1": {
   "coverage_in_t": 0.0,
   "coverage_in_mean_spacings": 0.0,
   "fraction_of_scanned_range": 0.0,
   "n_windows": 0,
   "windows": [],
   "seconds_per_unit_height": null
  },
  "0.05": {
   "coverage_in_t": 0.0,
   "coverage_in_mean_spacings": 0.0,
   "fraction_of_scanned_range": 0.0,
   "n_windows": 0,
   "windows": [],
   "seconds_per_unit_height": null
  },
  "0.02": {
   "coverage_in_t": 0.0,
   "coverage_in_mean_spacings": 0.0,
   "fraction_of_scanned_range": 0.0,
   "n_windows": 0,
   "windows": [],
   "seconds_per_unit_height": null
  },
  "0.01": {
   "coverage_in_t": 0.0,
   "coverage_in_mean_spacings": 0.0,
   "fraction_of_scanned_range": 0.0,
   "n_windows": 0,
   "windows": [],
   "seconds_per_unit_height": null
  }
 },
 "note": "coverage at threshold 0.5 is the ONLY physically meaningful one, since |Re rho - 1/2| < 1/2 for every nontrivial zero: outside that set the pass cannot fire for any admissible displacement whatsoever."
}
