{
 "schema": "riemann.x5601-detection-coverage.v1",
 "agent": "opus5-01",
 "classification": "floating throughout; the blocks are assembled by L-5603 in ordinary arithmetic and the response is the leading term of an eta-expansion. The claim is the order of magnitude of the coverage, not digits.",
 "cutoff": 10000000000,
 "cells": 1024,
 "carrier": "94184072727073/20",
 "T": 4709203636353.65,
 "ell_T": 4.351719952088318,
 "mean_spacing": 0.22979419884777208,
 "Delta": 3.6646779943971386,
 "h": 0.0035787871039034557,
 "nyquist_ratio_Delta_over_ellT": 0.8421217437575506,
 "lambda_min_exact_form": 0.0006058974487709734,
 "u_range_scanned": 6.0,
 "eta_min_global": 0.052925410789152826,
 "eta_min_argmin_u": 0.27200000000000024,
 "eta_min_median_over_u": 1.5041250366549916,
 "pass_seconds": 316.0,
 "coverage_by_threshold": {
  "0.5": {
   "coverage_in_t": 1.064000000000001,
   "coverage_in_mean_spacings": 4.630230029021974,
   "fraction_of_scanned_range": 0.08866666666666674,
   "n_windows": 1,
   "windows": [
    [
     -0.5279999999999996,
     0.5280000000000005
    ]
   ],
   "seconds_per_unit_height": 296.99248120300723
  },
  "0.4": {
   "coverage_in_t": 1.048000000000001,
   "coverage_in_mean_spacings": 4.560602509788561,
   "fraction_of_scanned_range": 0.08733333333333342,
   "n_windows": 1,
   "windows": [
    [
     -0.5199999999999996,
     0.5200000000000005
    ]
   ],
   "seconds_per_unit_height": 301.52671755725163
  },
  "0.3": {
   "coverage_in_t": 1.016000000000001,
   "coverage_in_mean_spacings": 4.4213474713217344,
   "fraction_of_scanned_range": 0.08466666666666674,
   "n_windows": 1,
   "windows": [
    [
     -0.5039999999999996,
     0.5040000000000004
    ]
   ],
   "seconds_per_unit_height": 311.0236220472438
  },
  "0.2": {
   "coverage_in_t": 0.9760000000000009,
   "coverage_in_mean_spacings": 4.247278673238202,
   "fraction_of_scanned_range": 0.08133333333333341,
   "n_windows": 1,
   "windows": [
    [
     -0.47999999999999954,
     0.48800000000000043
    ]
   ],
   "seconds_per_unit_height": 323.7704918032784
  },
  "0.1": {
   "coverage_in_t": 0.5520000000000005,
   "coverage_in_mean_spacings": 2.4021494135527535,
   "fraction_of_scanned_range": 0.04600000000000004,
   "n_windows": 2,
   "windows": [
    [
     -0.4159999999999995,
     -0.15200000000000014
    ],
    [
     0.15200000000000014,
     0.4240000000000004
    ]
   ],
   "seconds_per_unit_height": 572.4637681159415
  },
  "0.05": {
   "coverage_in_t": 0.0,
   "coverage_in_mean_spacings": 0.0,
   "fraction_of_scanned_range": 0.0,
   "n_windows": 0,
   "windows": [],
   "seconds_per_unit_height": null
  },
  "0.02": {
   "coverage_in_t": 0.0,
   "coverage_in_mean_spacings": 0.0,
   "fraction_of_scanned_range": 0.0,
   "n_windows": 0,
   "windows": [],
   "seconds_per_unit_height": null
  },
  "0.01": {
   "coverage_in_t": 0.0,
   "coverage_in_mean_spacings": 0.0,
   "fraction_of_scanned_range": 0.0,
   "n_windows": 0,
   "windows": [],
   "seconds_per_unit_height": null
  }
 },
 "note": "coverage at threshold 0.5 is the ONLY physically meaningful one, since |Re rho - 1/2| < 1/2 for every nontrivial zero: outside that set the pass cannot fire for any admissible displacement whatsoever."
}
COV_SCALING_DONE
