✔ [3188/3228] Built RiemannFormal.Upstream.SourceLocks (1.3s)
✔ [3689/3716] Built RiemannFormal.Refutations (1.1s)
✔ [3690/3716] Built Zeta23.Defs (103s)
✔ [3691/3716] Built RiemannFormal.Statement.RH (107s)
✔ [3692/3716] Built Zeta23.Defs.Counting (15s)
✔ [3693/3716] Built Zeta23.Hypotheses (16s)
✔ [3694/3716] Built RiemannFormal.Upstream.MathlibBridge (16s)
✔ [3695/3716] Built RiemannFormal.Statement.ScientificStatus (16s)
⚠ [3696/3716] Built Zeta23.Statement (16s)
warning: Zeta23/Statement.lean:148:30: `Set.mem_setOf_eq` has been deprecated: Use `Set.mem_ofPred_eq` instead
✔ [3697/3716] Built RiemannFormal.Statement.OpenCuts (15s)
✔ [3698/3716] Built RiemannFormal.Upstream.Zeta23Bridge (15s)
✔ [3699/3716] Built RiemannFormal.Release.Release20260822 (19s)
✔ [3700/3716] Built RiemannFormal.Arithmetic.Foundations (20s)
✔ [3701/3716] Built RiemannFormal.Operator.Foundations (21s)
✔ [3702/3716] Built RiemannFormal.Upstream (68s)
✔ [3703/3716] Built RiemannFormal.Operator (69s)
✔ [3704/3716] Built RiemannFormal.Analysis.Foundations (107s)
✖ [3705/3716] Building RiemannFormal.Arithmetic.FixedRows (175s)
trace: .> LEAN_PATH=C:\Users\gideo\OneDrive\Documents\riemann\riemann-formal-b\formal\.lake\packages\Cli\.lake\build\lib\lean;C:\Users\gideo\OneDrive\Documents\riemann\riemann-formal-b\formal\.lake\packages\batteries\.lake\build\lib\lean;C:\Users\gideo\OneDrive\Documents\riemann\riemann-formal-b\formal\.lake\packages\Qq\.lake\build\lib\lean;C:\Users\gideo\OneDrive\Documents\riemann\riemann-formal-b\formal\.lake\packages\aesop\.lake\build\lib\lean;C:\Users\gideo\OneDrive\Documents\riemann\riemann-formal-b\formal\.lake\packages\proofwidgets\.lake\build\lib\lean;C:\Users\gideo\OneDrive\Documents\riemann\riemann-formal-b\formal\.lake\packages\importGraph\.lake\build\lib\lean;C:\Users\gideo\OneDrive\Documents\riemann\riemann-formal-b\formal\.lake\packages\LeanSearchClient\.lake\build\lib\lean;C:\Users\gideo\OneDrive\Documents\riemann\riemann-formal-b\formal\.lake\packages\plausible\.lake\build\lib\lean;C:\Users\gideo\OneDrive\Documents\riemann\riemann-formal-b\formal\.lake\packages\mathlib\.lake\build\lib\lean;C:\Users\gideo\OneDrive\Documents\riemann\riemann-formal-b\formal\.lake\packages\Zeta23\.lake\build\lib\lean;C:\Users\gideo\OneDrive\Documents\riemann\riemann-formal-b\formal\.lake\build\lib\lean c:\Users\gideo\.elan\toolchains\leanprover--lean4---v4.33.0-rc2\bin\lean.exe C:\Users\gideo\OneDrive\Documents\riemann\riemann-formal-b\formal\RiemannFormal\Arithmetic\FixedRows.lean -o C:\Users\gideo\OneDrive\Documents\riemann\riemann-formal-b\formal\.lake\build\lib\lean\RiemannFormal\Arithmetic\FixedRows.olean -i C:\Users\gideo\OneDrive\Documents\riemann\riemann-formal-b\formal\.lake\build\lib\lean\RiemannFormal\Arithmetic\FixedRows.ilean -c C:\Users\gideo\OneDrive\Documents\riemann\riemann-formal-b\formal\.lake\build\ir\RiemannFormal\Arithmetic\FixedRows.c --setup C:\Users\gideo\OneDrive\Documents\riemann\riemann-formal-b\formal\.lake\build\ir\RiemannFormal\Arithmetic\FixedRows.setup.json --json
info: RiemannFormal/Arithmetic/FixedRows.lean:24:48: Try this:
  [apply] ring_nf
  
  The `ring` tactic failed to close the goal. Use `ring_nf` to obtain a normal form.
    
  Note that `ring` works primarily in *commutative* rings. If you have a noncommutative ring, abelian group or module, consider using `noncomm_ring`, `abel` or `module` instead.
error: RiemannFormal/Arithmetic/FixedRows.lean:24:23: unsolved goals
a b : ℂ
h2 : row2Numerator a b = 0
⊢ 1 + b * 2 - a * 2 = -1 + a * 2
error: Lean exited with code 1
✖ [3706/3716] Building RiemannFormal.Arithmetic.SourceIdentities (175s)
trace: .> LEAN_PATH=C:\Users\gideo\OneDrive\Documents\riemann\riemann-formal-b\formal\.lake\packages\Cli\.lake\build\lib\lean;C:\Users\gideo\OneDrive\Documents\riemann\riemann-formal-b\formal\.lake\packages\batteries\.lake\build\lib\lean;C:\Users\gideo\OneDrive\Documents\riemann\riemann-formal-b\formal\.lake\packages\Qq\.lake\build\lib\lean;C:\Users\gideo\OneDrive\Documents\riemann\riemann-formal-b\formal\.lake\packages\aesop\.lake\build\lib\lean;C:\Users\gideo\OneDrive\Documents\riemann\riemann-formal-b\formal\.lake\packages\proofwidgets\.lake\build\lib\lean;C:\Users\gideo\OneDrive\Documents\riemann\riemann-formal-b\formal\.lake\packages\importGraph\.lake\build\lib\lean;C:\Users\gideo\OneDrive\Documents\riemann\riemann-formal-b\formal\.lake\packages\LeanSearchClient\.lake\build\lib\lean;C:\Users\gideo\OneDrive\Documents\riemann\riemann-formal-b\formal\.lake\packages\plausible\.lake\build\lib\lean;C:\Users\gideo\OneDrive\Documents\riemann\riemann-formal-b\formal\.lake\packages\mathlib\.lake\build\lib\lean;C:\Users\gideo\OneDrive\Documents\riemann\riemann-formal-b\formal\.lake\packages\Zeta23\.lake\build\lib\lean;C:\Users\gideo\OneDrive\Documents\riemann\riemann-formal-b\formal\.lake\build\lib\lean c:\Users\gideo\.elan\toolchains\leanprover--lean4---v4.33.0-rc2\bin\lean.exe C:\Users\gideo\OneDrive\Documents\riemann\riemann-formal-b\formal\RiemannFormal\Arithmetic\SourceIdentities.lean -o C:\Users\gideo\OneDrive\Documents\riemann\riemann-formal-b\formal\.lake\build\lib\lean\RiemannFormal\Arithmetic\SourceIdentities.olean -i C:\Users\gideo\OneDrive\Documents\riemann\riemann-formal-b\formal\.lake\build\lib\lean\RiemannFormal\Arithmetic\SourceIdentities.ilean -c C:\Users\gideo\OneDrive\Documents\riemann\riemann-formal-b\formal\.lake\build\ir\RiemannFormal\Arithmetic\SourceIdentities.c --setup C:\Users\gideo\OneDrive\Documents\riemann\riemann-formal-b\formal\.lake\build\ir\RiemannFormal\Arithmetic\SourceIdentities.setup.json --json
error: RiemannFormal/Arithmetic/SourceIdentities.lean:124:4: failed to compile definition, consider marking it as 'noncomputable' because it depends on 'Real.decidableLE', which is 'noncomputable'
warning: RiemannFormal/Arithmetic/SourceIdentities.lean:179:26: 'ring' tactic does nothing

Note: This linter can be disabled with `set_option linter.unusedTactic false`
warning: RiemannFormal/Arithmetic/SourceIdentities.lean:179:26: this tactic is never executed

Note: This linter can be disabled with `set_option linter.unreachableTactic false`
error: RiemannFormal/Arithmetic/SourceIdentities.lean:202:4: failed to compile definition, consider marking it as 'noncomputable' because it depends on 'Real.instDivInvMonoid', which is 'noncomputable'
error: Lean exited with code 1
✖ [3707/3716] Building RiemannFormal.Arithmetic.HalfDivisor (175s)
trace: .> LEAN_PATH=C:\Users\gideo\OneDrive\Documents\riemann\riemann-formal-b\formal\.lake\packages\Cli\.lake\build\lib\lean;C:\Users\gideo\OneDrive\Documents\riemann\riemann-formal-b\formal\.lake\packages\batteries\.lake\build\lib\lean;C:\Users\gideo\OneDrive\Documents\riemann\riemann-formal-b\formal\.lake\packages\Qq\.lake\build\lib\lean;C:\Users\gideo\OneDrive\Documents\riemann\riemann-formal-b\formal\.lake\packages\aesop\.lake\build\lib\lean;C:\Users\gideo\OneDrive\Documents\riemann\riemann-formal-b\formal\.lake\packages\proofwidgets\.lake\build\lib\lean;C:\Users\gideo\OneDrive\Documents\riemann\riemann-formal-b\formal\.lake\packages\importGraph\.lake\build\lib\lean;C:\Users\gideo\OneDrive\Documents\riemann\riemann-formal-b\formal\.lake\packages\LeanSearchClient\.lake\build\lib\lean;C:\Users\gideo\OneDrive\Documents\riemann\riemann-formal-b\formal\.lake\packages\plausible\.lake\build\lib\lean;C:\Users\gideo\OneDrive\Documents\riemann\riemann-formal-b\formal\.lake\packages\mathlib\.lake\build\lib\lean;C:\Users\gideo\OneDrive\Documents\riemann\riemann-formal-b\formal\.lake\packages\Zeta23\.lake\build\lib\lean;C:\Users\gideo\OneDrive\Documents\riemann\riemann-formal-b\formal\.lake\build\lib\lean c:\Users\gideo\.elan\toolchains\leanprover--lean4---v4.33.0-rc2\bin\lean.exe C:\Users\gideo\OneDrive\Documents\riemann\riemann-formal-b\formal\RiemannFormal\Arithmetic\HalfDivisor.lean -o C:\Users\gideo\OneDrive\Documents\riemann\riemann-formal-b\formal\.lake\build\lib\lean\RiemannFormal\Arithmetic\HalfDivisor.olean -i C:\Users\gideo\OneDrive\Documents\riemann\riemann-formal-b\formal\.lake\build\lib\lean\RiemannFormal\Arithmetic\HalfDivisor.ilean -c C:\Users\gideo\OneDrive\Documents\riemann\riemann-formal-b\formal\.lake\build\ir\RiemannFormal\Arithmetic\HalfDivisor.c --setup C:\Users\gideo\OneDrive\Documents\riemann\riemann-formal-b\formal\.lake\build\ir\RiemannFormal\Arithmetic\HalfDivisor.setup.json --json
error: RiemannFormal/Arithmetic/HalfDivisor.lean:19:4: failed to compile definition, consider marking it as 'noncomputable' because it depends on 'instBinomialRingOfModuleNNRat', which is 'noncomputable'
info: RiemannFormal/Arithmetic/HalfDivisor.lean:43:34: Try this:
  [apply] ring_nf
  
  The `ring` tactic failed to close the goal. Use `ring_nf` to obtain a normal form.
    
  Note that `ring` works primarily in *commutative* rings. If you have a noncommutative ring, abelian group or module, consider using `noncomm_ring`, `abel` or `module` instead.
error: RiemannFormal/Arithmetic/HalfDivisor.lean:43:31: unsolved goals
k : ℕ
hcast : ↑(k + 1) * ↑(k + 1).centralBinom = 2 * (2 * ↑k + 1) * ↑k.centralBinom
⊢ ↑k * ↑(1 + k).centralBinom * 4⁻¹ ^ k * (1 / 4) + ↑(1 + k).centralBinom * 4⁻¹ ^ k * (1 / 4) =
    ↑(1 + k).centralBinom * 4⁻¹ ^ k * ↑(1 + k) * (1 / 4)
info: RiemannFormal/Arithmetic/HalfDivisor.lean:103:12: Try this:
  [apply] ring_nf
  
  The `ring` tactic failed to close the goal. Use `ring_nf` to obtain a normal form.
    
  Note that `ring` works primarily in *commutative* rings. If you have a noncommutative ring, abelian group or module, consider using `noncomm_ring`, `abel` or `module` instead.
error: RiemannFormal/Arithmetic/HalfDivisor.lean:98:53: unsolved goals
n : ℕ
hv :
  Ring.choose (-(1 / 2) + -(1 / 2)) n = ∑ ij ∈ antidiagonal n, Ring.choose (-(1 / 2)) ij.1 * Ring.choose (-(1 / 2)) ij.2
ij : ℕ × ℕ
hij : ij ∈ antidiagonal n
hijsum : ij.1 + ij.2 = n
⊢ Ring.choose (-1 / 2) ij.1 * Ring.choose (-1 / 2) ij.2 * (-1) ^ ij.1 * (-1) ^ ij.2 =
    Ring.choose (-1 / 2) ij.1 * Ring.choose (-1 / 2) ij.2 * (-1) ^ n
warning: RiemannFormal/Arithmetic/HalfDivisor.lean:102:34: This simp argument is unused:
  ← pow_add

Hint: Omit it from the simp argument list.
  [apply] simp only [etaChoose, hijsum]

Note: Simp arguments with `←` have the additional effect of removing the other direction from the simp set, even if the simp argument itself is unused. If the hint above does not work, try replacing `←` with `-` to only get that effect and silence this warning.

Note: This linter can be disabled with `set_option linter.unusedSimpArgs false`
warning: RiemannFormal/Arithmetic/HalfDivisor.lean:102:45: This simp argument is unused:
  hijsum

Hint: Omit it from the simp argument list.
  [apply] simp only [etaChoose, ← pow_add]

Note: This linter can be disabled with `set_option linter.unusedSimpArgs false`
error: RiemannFormal/Arithmetic/HalfDivisor.lean:142:6: Tactic `rewrite` failed: Did not find an occurrence of the pattern
  (m * n).factorization
in the target expression
  { toFun := fun n ↦ if n = 0 then 0 else n.factorization.prod fun x k ↦ etaCoeff k, map_zero' := eta._proof_1 }
      (m * n) =
    { toFun := fun n ↦ if n = 0 then 0 else n.factorization.prod fun x k ↦ etaCoeff k, map_zero' := eta._proof_1 } m *
      { toFun := fun n ↦ if n = 0 then 0 else n.factorization.prod fun x k ↦ etaCoeff k, map_zero' := eta._proof_1 } n

m n : ℕ
hm : m ≠ 0
hn : n ≠ 0
hcop : m.Coprime n
⊢ { toFun := fun n ↦ if n = 0 then 0 else n.factorization.prod fun x k ↦ etaCoeff k, map_zero' := eta._proof_1 }
      (m * n) =
    { toFun := fun n ↦ if n = 0 then 0 else n.factorization.prod fun x k ↦ etaCoeff k, map_zero' := eta._proof_1 } m *
      { toFun := fun n ↦ if n = 0 then 0 else n.factorization.prod fun x k ↦ etaCoeff k, map_zero' := eta._proof_1 } n

Note: The target expression is not type-correct under the `implicit` transparency level, which may have triggered the failure. This is usually caused by unfolding of semireducible definitions in prior tactic steps. Use `set_option linter.tacticCheckInstances true` to investigate the source of the issue.
Full error:
  Application type mismatch: The argument
    { toFun := fun n ↦ if n = 0 then 0 else n.factorization.prod fun x k ↦ etaCoeff k, map_zero' := eta._proof_1 }
  has type
    ZeroHom ℕ ℚ
  but is expected to have type
    ArithmeticFunction ℚ
  in the application
    ⇑{ toFun := fun n ↦ if n = 0 then 0 else n.factorization.prod fun x k ↦ etaCoeff k, map_zero' := eta._proof_1 }
warning: RiemannFormal/Arithmetic/HalfDivisor.lean:141:18: This simp argument is unused:
  hm

Hint: Omit it from the simp argument list.
  [apply] simp only [eta, hn, mul_ne_zero hm hn, if_false]

Note: This linter can be disabled with `set_option linter.unusedSimpArgs false`
warning: RiemannFormal/Arithmetic/HalfDivisor.lean:141:22: This simp argument is unused:
  hn

Hint: Omit it from the simp argument list.
  [apply] simp only [eta, hm, mul_ne_zero hm hn, if_false]

Note: This linter can be disabled with `set_option linter.unusedSimpArgs false`
warning: RiemannFormal/Arithmetic/HalfDivisor.lean:141:26: This simp argument is unused:
  mul_ne_zero hm hn

Hint: Omit it from the simp argument list.
  [apply] simp only [eta, hm, hn, if_false]

Note: This linter can be disabled with `set_option linter.unusedSimpArgs false`
warning: RiemannFormal/Arithmetic/HalfDivisor.lean:141:45: This simp argument is unused:
  if_false

Hint: Omit it from the simp argument list.
  [apply] simp only [eta, hm, hn, mul_ne_zero hm hn]

Note: This linter can be disabled with `set_option linter.unusedSimpArgs false`
error: RiemannFormal/Arithmetic/HalfDivisor.lean:153:2: unsolved goals
case neg
p k : ℕ
hp : Nat.Prime p
hk : ¬k = 0
hpk : p ^ k ≠ 0
⊢ p = 0 → ¬k = 0 → 0 = etaCoeff k
warning: RiemannFormal/Arithmetic/HalfDivisor.lean:154:15: This simp argument is unused:
  hpk

Hint: Omit it from the simp argument list.
  [apply] simp [eta, hp.factorization_pow, Finsupp.prod_single_index, etaCoeff_zero]

Note: This linter can be disabled with `set_option linter.unusedSimpArgs false`
error: Lean exited with code 1
⚠ [3708/3716] Built RiemannFormal.Arithmetic.Wavelet (176s)
warning: RiemannFormal/Arithmetic/Wavelet.lean:120:35: This simp argument is unused:
  add_left_comm

Hint: Omit it from the simp argument list.
  [apply] simp [fourTap, shift, add_assoc, add_comm]

Note: This linter can be disabled with `set_option linter.unusedSimpArgs false`
✔ [3709/3716] Built RiemannFormal.Analysis (19s)
✔ [3710/3716] Built RiemannFormal.MellinLandau.Contract (19s)
Some required targets logged failures:
- RiemannFormal.Arithmetic.FixedRows
- RiemannFormal.Arithmetic.SourceIdentities
- RiemannFormal.Arithmetic.HalfDivisor
error: build failed
EXIT_CODE=1
