'RiemannFormal.Arithmetic.FixedRows.rows23_no_common_zero' depends on axioms: [propext, Classical.choice, Quot.sound]
'RiemannFormal.Arithmetic.FixedRows.fiveThree_nonzero' depends on axioms: [propext, Classical.choice, Quot.sound]
'RiemannFormal.Arithmetic.SourceIdentities.scalarFirstOwnerExpansion_eq_finiteEulerProduct' depends on axioms: [propext,
 Quot.sound]
'RiemannFormal.Arithmetic.SourceIdentities.duplicate67_same_prime_distinct_labels' depends on axioms: [propext,
 Classical.choice,
 Quot.sound]
'RiemannFormal.Arithmetic.SourceIdentities.duplicate67_parity_fixture' depends on axioms: [propext, Quot.sound]
'RiemannFormal.Arithmetic.SourceIdentities.native_one_prime_ne_contracted_two_child' depends on axioms: [propext,
 Classical.choice,
 Quot.sound]
'RiemannFormal.Arithmetic.SourceIdentities.raw_cutoff_ne_rn_child_16_4_4' depends on axioms: [propext,
 Classical.choice,
 Quot.sound]
'RiemannFormal.Arithmetic.SourceIdentities.rn_density_times_capacity_eq_response_16_4_4' depends on axioms: [propext,
 Classical.choice,
 Quot.sound]
'RiemannFormal.Arithmetic.SourceIdentities.response_capacity_coefficients_differ_16_4_4' depends on axioms: [propext,
 Classical.choice,
 Quot.sound]
'RiemannFormal.Arithmetic.SourceIdentities.normalized_p_inv_ne_p_inv_sqrt' depends on axioms: [propext,
 Classical.choice,
 Quot.sound]
'RiemannFormal.Arithmetic.native_ne_auxiliary' does not depend on any axioms
'RiemannFormal.Arithmetic.response_ne_capacity' does not depend on any axioms
'RiemannFormal.Arithmetic.signedObservation_ne_auxiliaryPositive' does not depend on any axioms
'RiemannFormal.Arithmetic.rebuildAtRole_coefficient' depends on axioms: [propext]
'RiemannFormal.Arithmetic.FixedArithmeticDetector.asConstantMoving_queryIndependent' depends on axioms: [propext,
 Classical.choice,
 Quot.sound]
'RiemannFormal.Arithmetic.HalfDivisor.etaCoeff_antidiagonal' depends on axioms: [propext, Classical.choice, Quot.sound]
'RiemannFormal.Arithmetic.HalfDivisor.eta_mul_eta' depends on axioms: [propext, Classical.choice, Quot.sound]
'RiemannFormal.Arithmetic.HalfDivisor.genericOneFieldConvolution' depends on axioms: [propext,
 Classical.choice,
 Quot.sound]
'RiemannFormal.Arithmetic.Wavelet.fourTapValues_geometric' depends on axioms: [propext, Quot.sound]
'RiemannFormal.Arithmetic.Wavelet.threeTap_minimal' depends on axioms: [propext, Classical.choice, Quot.sound]
'RiemannFormal.Arithmetic.Wavelet.affine_nuisance_sign_flip' depends on axioms: [propext, Quot.sound]
'RiemannFormal.Arithmetic.Wavelet.fourTap_shift' depends on axioms: [propext]
'RiemannFormal.Arithmetic.Wavelet.finite_sum_by_parts' depends on axioms: [propext, Classical.choice, Quot.sound]
'RiemannFormal.Arithmetic.Wavelet.K0_ne_K1' does not depend on any axioms
'RiemannFormal.MellinLandau.fixedFiveThreeArithmeticInput_spec' depends on axioms: [propext,
 Classical.choice,
 Quot.sound]
'RiemannFormal.MellinLandau.fixedRows23ArithmeticInput_spec' depends on axioms: [propext, Classical.choice, Quot.sound]
EXIT_CODE=0
