START_UTC=2026-07-25T19:53:33Z
WORKER=2 SHARD=34 RANGE=3400:3500 PRECISION=192
BINARY_SHA256=fabbdc63700468fb868bbc814c514dc8eacb5fa112d51e5cc77337c1cedd9ec1
	Command being timed: "/tmp/carrier-build/directed_prime_shard_fast_pr49_mpfr422 --manifest experiments/X-2805-directed-prime-producer/results/target-c1e11/vector/target-autocorrelation.txt --start-segment 3400 --end-segment 3500 --precision 192 --output experiments/X-2805-directed-prime-producer/results/target-c1e11/directed-192/shards/shard-3400-3500-p192.json"
	User time (seconds): 652.62
	System time (seconds): 0.14
	Percent of CPU this job got: 99%
	Elapsed (wall clock) time (h:mm:ss or m:ss): 10:53.51
	Average shared text size (kbytes): 0
	Average unshared data size (kbytes): 0
	Average stack size (kbytes): 0
	Average total size (kbytes): 0
	Maximum resident set size (kbytes): 76116
	Average resident set size (kbytes): 0
	Major (requiring I/O) page faults: 0
	Minor (reclaiming a frame) page faults: 54281
	Voluntary context switches: 1
	Involuntary context switches: 5601
	Swaps: 0
	File system inputs: 0
	File system outputs: 8
	Socket messages sent: 0
	Socket messages received: 0
	Signals delivered: 0
	Page size (bytes): 4096
	Exit status: 0
EXIT_STATUS=0
END_UTC=2026-07-25T20:04:26Z
5fba3d659802bd54da1f8efae00919347b63e405e45ca6d44d0e4bb9d71cafec  experiments/X-2805-directed-prime-producer/results/target-c1e11/directed-192/shards/shard-3400-3500-p192.json
