START_UTC=2026-07-25T20:15:07Z
WORKER=3 SHARD=43 RANGE=4300:4400 PRECISION=192
BINARY_SHA256=fabbdc63700468fb868bbc814c514dc8eacb5fa112d51e5cc77337c1cedd9ec1
	Command being timed: "/tmp/carrier-build/directed_prime_shard_fast_pr49_mpfr422 --manifest experiments/X-2805-directed-prime-producer/results/target-c1e11/vector/target-autocorrelation.txt --start-segment 4300 --end-segment 4400 --precision 192 --output experiments/X-2805-directed-prime-producer/results/target-c1e11/directed-192/shards/shard-4300-4400-p192.json"
	User time (seconds): 631.86
	System time (seconds): 0.11
	Percent of CPU this job got: 99%
	Elapsed (wall clock) time (h:mm:ss or m:ss): 10:32.71
	Average shared text size (kbytes): 0
	Average unshared data size (kbytes): 0
	Average stack size (kbytes): 0
	Average total size (kbytes): 0
	Maximum resident set size (kbytes): 94848
	Average resident set size (kbytes): 0
	Major (requiring I/O) page faults: 0
	Minor (reclaiming a frame) page faults: 41781
	Voluntary context switches: 1
	Involuntary context switches: 7288
	Swaps: 0
	File system inputs: 0
	File system outputs: 8
	Socket messages sent: 0
	Socket messages received: 0
	Signals delivered: 0
	Page size (bytes): 4096
	Exit status: 0
EXIT_STATUS=0
END_UTC=2026-07-25T20:25:40Z
a648c25f57f97da8b2fbe4dac842a97e2f6456e5c0353480212250356696949e  experiments/X-2805-directed-prime-producer/results/target-c1e11/directed-192/shards/shard-4300-4400-p192.json
