START_UTC=2026-07-25T19:22:15Z
WORKER=0 SHARD=20 RANGE=2000:2100 PRECISION=192
BINARY_SHA256=fabbdc63700468fb868bbc814c514dc8eacb5fa112d51e5cc77337c1cedd9ec1
	Command being timed: "/tmp/carrier-build/directed_prime_shard_fast_pr49_mpfr422 --manifest experiments/X-2805-directed-prime-producer/results/target-c1e11/vector/target-autocorrelation.txt --start-segment 2000 --end-segment 2100 --precision 192 --output experiments/X-2805-directed-prime-producer/results/target-c1e11/directed-192/shards/shard-2000-2100-p192.json"
	User time (seconds): 656.15
	System time (seconds): 0.04
	Percent of CPU this job got: 99%
	Elapsed (wall clock) time (h:mm:ss or m:ss): 10:57.07
	Average shared text size (kbytes): 0
	Average unshared data size (kbytes): 0
	Average stack size (kbytes): 0
	Average total size (kbytes): 0
	Maximum resident set size (kbytes): 77864
	Average resident set size (kbytes): 0
	Major (requiring I/O) page faults: 0
	Minor (reclaiming a frame) page faults: 27007
	Voluntary context switches: 1
	Involuntary context switches: 3436
	Swaps: 0
	File system inputs: 0
	File system outputs: 8
	Socket messages sent: 0
	Socket messages received: 0
	Signals delivered: 0
	Page size (bytes): 4096
	Exit status: 0
EXIT_STATUS=0
END_UTC=2026-07-25T19:33:12Z
e7d97b16d2b9875bedab6e704afbcc3189cbcb6e66d3c68104abd506fc61fc88  experiments/X-2805-directed-prime-producer/results/target-c1e11/directed-192/shards/shard-2000-2100-p192.json
