START_UTC=2026-07-25T19:10:07Z
WORKER=3 SHARD=19 RANGE=1900:2000 PRECISION=192
BINARY_SHA256=fabbdc63700468fb868bbc814c514dc8eacb5fa112d51e5cc77337c1cedd9ec1
	Command being timed: "/tmp/carrier-build/directed_prime_shard_fast_pr49_mpfr422 --manifest experiments/X-2805-directed-prime-producer/results/target-c1e11/vector/target-autocorrelation.txt --start-segment 1900 --end-segment 2000 --precision 192 --output experiments/X-2805-directed-prime-producer/results/target-c1e11/directed-192/shards/shard-1900-2000-p192.json"
	User time (seconds): 657.64
	System time (seconds): 0.08
	Percent of CPU this job got: 99%
	Elapsed (wall clock) time (h:mm:ss or m:ss): 11:00.35
	Average shared text size (kbytes): 0
	Average unshared data size (kbytes): 0
	Average stack size (kbytes): 0
	Average total size (kbytes): 0
	Maximum resident set size (kbytes): 98772
	Average resident set size (kbytes): 0
	Major (requiring I/O) page faults: 0
	Minor (reclaiming a frame) page faults: 32149
	Voluntary context switches: 1
	Involuntary context switches: 11110
	Swaps: 0
	File system inputs: 0
	File system outputs: 8
	Socket messages sent: 0
	Socket messages received: 0
	Signals delivered: 0
	Page size (bytes): 4096
	Exit status: 0
EXIT_STATUS=0
END_UTC=2026-07-25T19:21:07Z
43c94d29ce9e41996ef7ceeb31dd651e12a6594f920c9042e9231a62b2036894  experiments/X-2805-directed-prime-producer/results/target-c1e11/directed-192/shards/shard-1900-2000-p192.json
