START_UTC=2026-07-25T19:09:59Z
WORKER=2 SHARD=18 RANGE=1800:1900 PRECISION=192
BINARY_SHA256=fabbdc63700468fb868bbc814c514dc8eacb5fa112d51e5cc77337c1cedd9ec1
	Command being timed: "/tmp/carrier-build/directed_prime_shard_fast_pr49_mpfr422 --manifest experiments/X-2805-directed-prime-producer/results/target-c1e11/vector/target-autocorrelation.txt --start-segment 1800 --end-segment 1900 --precision 192 --output experiments/X-2805-directed-prime-producer/results/target-c1e11/directed-192/shards/shard-1800-1900-p192.json"
	User time (seconds): 659.43
	System time (seconds): 0.07
	Percent of CPU this job got: 99%
	Elapsed (wall clock) time (h:mm:ss or m:ss): 11:00.51
	Average shared text size (kbytes): 0
	Average unshared data size (kbytes): 0
	Average stack size (kbytes): 0
	Average total size (kbytes): 0
	Maximum resident set size (kbytes): 97428
	Average resident set size (kbytes): 0
	Major (requiring I/O) page faults: 0
	Minor (reclaiming a frame) page faults: 31841
	Voluntary context switches: 1
	Involuntary context switches: 7949
	Swaps: 0
	File system inputs: 0
	File system outputs: 8
	Socket messages sent: 0
	Socket messages received: 0
	Signals delivered: 0
	Page size (bytes): 4096
	Exit status: 0
EXIT_STATUS=0
END_UTC=2026-07-25T19:20:59Z
e35a0080aae64a7a546a7b25269cf12d766448f657e206caa238dd18e9f4c340  experiments/X-2805-directed-prime-producer/results/target-c1e11/directed-192/shards/shard-1800-1900-p192.json
