[11:13:54] s708/s708 k=2 (n=16): RAM, h=1/4, f=4 (0s)
[11:13:55] s708/s708 k=3 (n=18): POS, h=1/4, f=4 (1s)
[11:13:57] s708/s708 k=4 (n=20): POS, h=1/5, f=4 (4s)
[11:14:04] s708/s708 k=5 (n=22): POS, h=1/5, f=4 (11s)
[11:14:06] s708/s708 k=6 (n=24): BOTH (13s)
[11:14:07] s708/s709 k=2 (n=16): POS, h=1/4, f=4 (13s)
[11:14:08] s708/s709 k=3 (n=18): POS, h=1/4, f=4 (14s)
[11:14:10] s708/s709 k=4 (n=20): POS, h=1/5, f=4 (17s)
[11:14:17] s708/s709 k=5 (n=22): BOTH, h=1/5, f=4 (24s)
[11:14:20] s708/s709 k=6 (n=24): BOTH (26s)
[11:14:20] s708/s706 k=2 (n=16): RAM, h=1/4, f=4 (27s)
[11:14:21] s708/s706 k=3 (n=18): POS, h=1/4, f=4 (28s)
[11:14:23] s708/s706 k=4 (n=20): POS, h=1/5, f=4 (30s)
[11:14:30] s708/s706 k=5 (n=22): POS, h=1/5, f=4 (37s)
[11:14:32] s708/s706 k=6 (n=24): BOTH (39s)
[11:14:33] s708/cross k=2 (n=16): NEG, h=1/4, f=2 (39s)
[11:14:34] s708/cross k=3 (n=18): BOTH, h=1/4, f=2 (40s)
[11:14:36] s708/cross k=4 (n=20): BOTH, h=1/5, f=2 (43s)
[11:14:43] s708/cross k=5 (n=22): BOTH, h=1/5, f=2 (50s)
[11:14:45] s708/cross k=6 (n=24): BOTH (52s)
[11:14:50] s709/s709 k=2 (n=16): POS, h=1/4, f=4 (56s)
[11:14:51] s709/s709 k=3 (n=18): POS, h=1/4, f=4 (57s)
[11:14:53] s709/s709 k=4 (n=20): BOTH, h=1/5, f=4 (60s)
[11:15:00] s709/s709 k=5 (n=22): BOTH, h=1/5, f=4 (67s)
[11:15:02] s709/s709 k=6 (n=24): BOTH (69s)
[11:15:03] s709/s706 k=2 (n=16): POS, h=1/4, f=4 (69s)
[11:15:04] s709/s706 k=3 (n=18): POS, h=1/4, f=4 (70s)
[11:15:06] s709/s706 k=4 (n=20): POS, h=1/5, f=4 (73s)
[11:15:13] s709/s706 k=5 (n=22): BOTH, h=1/5, f=4 (80s)
[11:15:15] s709/s706 k=6 (n=24): BOTH (82s)
[11:15:16] s709/cross k=2 (n=16): BOTH, h=1/4, f=2 (82s)
[11:15:17] s709/cross k=3 (n=18): BOTH, h=1/4, f=2 (83s)
[11:15:19] s709/cross k=4 (n=20): BOTH, h=1/5, f=2 (86s)
[11:15:26] s709/cross k=5 (n=22): BOTH, h=1/5, f=2 (92s)
[11:15:28] s709/cross k=6 (n=24): BOTH (95s)
[11:15:34] s706/s706 k=2 (n=16): RAM, h=1/4, f=4 (101s)
[11:15:35] s706/s706 k=3 (n=18): POS, h=1/4, f=4 (102s)
[11:15:37] s706/s706 k=4 (n=20): POS, h=1/5, f=4 (104s)
[11:15:45] s706/s706 k=5 (n=22): BOTH, h=1/5, f=4 (111s)
[11:15:47] s706/s706 k=6 (n=24): BOTH (114s)
[11:15:47] s706/cross k=2 (n=16): NEG, h=1/4, f=2 (114s)
[11:15:48] s706/cross k=3 (n=18): BOTH, h=1/4, f=2 (115s)
[11:15:51] s706/cross k=4 (n=20): BOTH, h=1/5, f=2 (117s)
[11:15:58] s706/cross k=5 (n=22): BOTH, h=1/5, f=2 (124s)
[11:16:00] s706/cross k=6 (n=24): BOTH (127s)
[11:16:08] cross/cross k=2 (n=16): RAM, h=1/4, f=0 (135s)
[11:16:09] cross/cross k=3 (n=18): BOTH, h=1/4, f=0 (136s)
[11:16:12] cross/cross k=4 (n=20): BOTH, h=1/5, f=0 (138s)
[11:16:21] cross/cross k=5 (n=22): BOTH, h=1/5, f=0 (147s)
[11:16:23] cross/cross k=6 (n=24): BOTH (150s)
[11:16:38] done: 50 rows; POS pairs: [('s706', 's706'), ('s708', 's706'), ('s708', 's708'), ('s708', 's709'), ('s709', 's706'), ('s709', 's709')]
