[10:30:48] ladder[708cap,k=2]: n=14 verdict=RAM h=1/3 f=4 (0.2s)
[10:30:48] ladder[708cap,k=3]: n=16 verdict=POS h=1/4 f=4 (0.4s)
[10:30:49] ladder[708cap,k=4]: n=18 verdict=POS h=1/4 f=4 (0.8s)
[10:30:51] ladder[708cap,k=5]: n=20 verdict=POS h=1/5 f=4 (1.9s)
[10:30:57] ladder[708cap,k=6]: n=22 verdict=BOTH h=1/5 f=4 (6.3s)
[10:30:58] ladder[709cap,k=2]: n=14 verdict=RAM h=1/3 f=4 (0.2s)
[10:30:58] ladder[709cap,k=3]: n=16 verdict=POS h=1/4 f=4 (0.4s)
[10:30:59] ladder[709cap,k=4]: n=18 verdict=POS h=1/4 f=4 (0.7s)
[10:31:01] ladder[709cap,k=5]: n=20 verdict=BOTH h=1/5 f=4 (1.9s)
[10:31:07] ladder[709cap,k=6]: n=22 verdict=BOTH h=1/5 f=4 (6.2s)
[10:31:07] ladder[706cap,k=2]: n=14 verdict=RAM h=1/3 f=4 (0.2s)
[10:31:07] ladder[706cap,k=3]: n=16 verdict=POS h=1/4 f=4 (0.4s)
[10:31:08] ladder[706cap,k=4]: n=18 verdict=POS h=1/4 f=4 (0.8s)
[10:31:10] ladder[706cap,k=5]: n=20 verdict=POS h=1/5 f=4 (1.9s)
[10:31:16] ladder[706cap,k=6]: n=22 verdict=BOTH h=1/5 f=4 (6.3s)
[10:31:17] ladder[crosscap,k=2]: n=14 verdict=NEG h=1/3 f=2 (0.2s)
[10:31:17] ladder[crosscap,k=3]: n=16 verdict=BOTH h=1/4 f=2 (0.4s)
[10:31:18] ladder[crosscap,k=4]: n=18 verdict=BOTH h=1/4 f=2 (0.7s)
[10:31:20] ladder[crosscap,k=5]: n=20 verdict=BOTH h=1/5 f=2 (1.9s)
[10:31:26] ladder[crosscap,k=6]: n=22 verdict=BOTH h=1/5 f=2 (6.1s)
[10:31:26] GP(5,1): n=10 verdict=RAM h=1 f=2 (0.1s)
[10:31:26] GP(5,2): n=10 verdict=RAM h=1 f=3 (0.1s)
[10:31:26] GP(6,1): n=12 verdict=RAM h=2/3 f=0 (0.1s)
[10:31:26] GP(6,2): n=12 verdict=RAM h=2/3 f=4 (0.1s)
[10:31:26] GP(7,1): n=14 verdict=RAM h=2/3 f=2 (0.2s)
[10:31:26] GP(7,2): n=14 verdict=RAM h=1 f=4 (0.2s)
[10:31:27] GP(7,3): n=14 verdict=RAM h=1 f=4 (0.2s)
[10:31:27] GP(8,1): n=16 verdict=RAM h=1/2 f=0 (0.3s)
[10:31:27] GP(8,2): n=16 verdict=RAM h=5/7 f=4 (0.3s)
[10:31:28] GP(8,3): n=16 verdict=RAM h=3/4 f=0 (0.3s)
[10:31:28] GP(9,1): n=18 verdict=NEG h=1/2 f=2 (0.8s)
[10:31:29] GP(9,2): n=18 verdict=RAM h=3/4 f=5 (0.8s)
[10:31:30] GP(9,3): n=18 verdict=RAM h=5/7 f=4 (0.7s)
[10:31:31] GP(9,4): n=18 verdict=RAM h=3/4 f=5 (0.7s)
[10:31:33] GP(10,1): n=20 verdict=RAM h=2/5 f=0 (1.9s)
[10:31:34] GP(10,2): n=20 verdict=RAM h=3/5 f=6 (1.9s)
[10:31:36] GP(10,3): n=20 verdict=RAM h=3/5 f=0 (1.8s)
[10:31:38] GP(10,4): n=20 verdict=RAM h=3/5 f=4 (1.9s)
[10:31:44] GP(11,1): n=22 verdict=NEG h=2/5 f=2 (6.2s)
[10:31:51] GP(11,2): n=22 verdict=RAM h=3/5 f=6 (6.2s)
[10:31:57] GP(11,3): n=22 verdict=RAM h=7/11 f=4 (6.0s)
[10:32:03] GP(11,4): n=22 verdict=RAM h=7/11 f=4 (6.1s)
[10:32:09] GP(11,5): n=22 verdict=RAM h=3/5 f=6 (6.2s)
[10:32:09] Moebius8: n=16 verdict=NEG h=1/2 f=2 (0.3s)
[10:32:11] Moebius10: n=20 verdict=NEG h=2/5 f=2 (2.0s)
[10:32:11] class extremes: {"RAM": {"h_min": "1/3", "h_max": "1", "fm_min": "0", "fm_max": "2/9", "count": 24}, "POS": {"h_min": "1/5", "h_max": "1/4", "fm_min": "2/15", "fm_max": "1/6", "count": 8}, "BOTH": {"h_min": "1/5", "h_max": "1/4", "fm_min": "2/33", "fm_max": "2/15", "count": 8}, "NEG": {"h_min": "1/3", "h_max": "1/2", "fm_min": "2/33", "fm_max": "2/21", "count": 5}}
[10:32:11] done
