{
  "common_scale_is_exact": true,
  "common_scale_scope": "all emitted xi rectangles",
  "common_xi_scale_power_of_two": 5335951715288,
  "denominator": 4294967296,
  "negative_height_rs_calls_removed": true,
  "new_ordinate_numerator": "20225875608358288009619",
  "occurrences_replaced": 3,
  "old_ordinate_numerator": "20225875608343121406355",
  "patched_sha256": "7c2ad5f2fcefa35de2863a6546241e8fb5e74fbcfa78d5a5e2408c053547975d",
  "reflection_blocks_replaced": 1,
  "reflection_identity": "conj(xi(1-conj(s))) = xi(1-s)",
  "source_sha256": "1ff4f391dc78aecd2fc2e73a4da507551a77618c7850d005733ea06c3f90ec5c",
  "x_bits": [
    20,
    19,
    18,
    17,
    16,
    15,
    14,
    13,
    12,
    11,
    10,
    9,
    8,
    7,
    6,
    5
  ],
  "x_count": 16
}
