evaluating xi'/xi at the eight nodes (dps=60):
  x = 2^-17   F = (0.01845644433225611743174 - 69.35421781442449000301j)
  x = 2^-15   F = (0.07382565097509662734923 - 69.35412704301182148404j)
  x = 2^-13   F = (0.2952945175072140705203 - 69.35267474591781810912j)
  x = 2^-11   F = (1.180660805135837313714 - 69.32944963663532639405j)
  x = 2^-10   F = (2.358017786903983104928 - 69.25527627655380739818j)
  x = 2^-9    F = (4.689806662083794295854 - 68.96080441884554969395j)
  x = 2^-7    F = (16.90043296353496563381 - 63.73112442064522527592j)
  x = 2^-5    F = (28.52997834490482488583 - 35.25150314477706868096j)

true spectrum:
    1.2259907375436e-35
    4.1619295628207e-26
    1.4370244594221e-18
    5.676968635931e-12
    6.2276450882135e-6
    0.17274983428183
    76.83977631169
    17490.281437779
cond =  1.4266243e+39
  p=128  flag rate 0.533    spread 2.99116e-33     (244 x true)
  p=136  flag rate 0.173    spread 1.17827e-35     (0.961 x true)
  p=144  flag rate 0.000    spread 4.45083e-38     (0.00363 x true)
  p=148  flag rate 0.000    spread 2.69074e-39     (0.000219 x true)
  p=152  flag rate 0.000    spread 1.79706e-40     (1.47e-05 x true)
  p=160  flag rate 0.000    spread 7.02997e-43     (5.73e-08 x true)
  p=176  flag rate 0.000    spread 9.53233e-48     (7.78e-13 x true)
  p=192  flag rate 0.000    spread 1.5809e-52      (1.29e-17 x true)

wrote results/noise-floor.json
