frontier+15200 N(a)=12362477983956 N(b)=12362478016483 -> N=32527  [9 s]
  ...2000 balls inside, index at 12362477985957  [47 s]
  ...4000 balls inside, index at 12362477987957  [98 s]
  ...6000 balls inside, index at 12362477989957  [145 s]
  ...8000 balls inside, index at 12362477991957  [192 s]
  ...10000 balls inside, index at 12362477993957  [238 s]
  ...12000 balls inside, index at 12362477995957  [284 s]
  ...14000 balls inside, index at 12362477997957  [330 s]
  ...16000 balls inside, index at 12362477999957  [377 s]
  ...18000 balls inside, index at 12362478001957  [423 s]
  ...20000 balls inside, index at 12362478003957  [469 s]
  ...22000 balls inside, index at 12362478005957  [516 s]
  ...24000 balls inside, index at 12362478007957  [562 s]
  ...26000 balls inside, index at 12362478009957  [610 s]
  ...28000 balls inside, index at 12362478011957  [657 s]
  ...30000 balls inside, index at 12362478013957  [704 s]
  ...32000 balls inside, index at 12362478015957  [750 s]
  ...32527 balls inside, index at 12362478016492  [786 s]
CERTIFIED D = 0 over 7600.0 units at t ~ 3.00002e+12: N_0 = N = 32527, all zeros on the critical line, all simple, all rigorously located.
smallest gap upper bounds (normalised): ['0.0358', '0.0382', '0.0385', '0.0439', '0.0440']
wrote /home/user/riemann/experiments/X-5604-exact-slab-discrepancy/results/platt-certify-frontier-2.json
