frontier+7600 N(a)=12362477951429 N(b)=12362477983956 -> N=32527  [11 s]
  ...2000 balls inside, index at 12362477953430  [47 s]
  ...4000 balls inside, index at 12362477955430  [97 s]
  ...6000 balls inside, index at 12362477957430  [143 s]
  ...8000 balls inside, index at 12362477959430  [190 s]
  ...10000 balls inside, index at 12362477961430  [236 s]
  ...12000 balls inside, index at 12362477963430  [282 s]
  ...14000 balls inside, index at 12362477965430  [329 s]
  ...16000 balls inside, index at 12362477967430  [375 s]
  ...18000 balls inside, index at 12362477969430  [421 s]
  ...20000 balls inside, index at 12362477971430  [467 s]
  ...22000 balls inside, index at 12362477973430  [514 s]
  ...24000 balls inside, index at 12362477975430  [560 s]
  ...26000 balls inside, index at 12362477977430  [607 s]
  ...28000 balls inside, index at 12362477979430  [654 s]
  ...30000 balls inside, index at 12362477981430  [701 s]
  ...32000 balls inside, index at 12362477983430  [749 s]
  ...32527 balls inside, index at 12362477983965  [785 s]
CERTIFIED D = 0 over 7600.0 units at t ~ 3.00002e+12: N_0 = N = 32527, all zeros on the critical line, all simple, all rigorously located.
smallest gap upper bounds (normalised): ['0.0314', '0.0344', '0.0387', '0.0481', '0.0575']
wrote /home/user/riemann/experiments/X-5604-exact-slab-discrepancy/results/platt-certify-frontier-1.json
