frontier+0 N(a)=12362477918901 N(b)=12362477951429 -> N=32528  [9 s]
  ...2000 balls inside, index at 12362477920902  [47 s]
  ...4000 balls inside, index at 12362477922902  [98 s]
  ...6000 balls inside, index at 12362477924902  [144 s]
  ...8000 balls inside, index at 12362477926902  [190 s]
  ...10000 balls inside, index at 12362477928902  [236 s]
  ...12000 balls inside, index at 12362477930902  [282 s]
  ...14000 balls inside, index at 12362477932902  [327 s]
  ...16000 balls inside, index at 12362477934902  [373 s]
  ...18000 balls inside, index at 12362477936902  [418 s]
  ...20000 balls inside, index at 12362477938902  [463 s]
  ...22000 balls inside, index at 12362477940902  [509 s]
  ...24000 balls inside, index at 12362477942902  [554 s]
  ...26000 balls inside, index at 12362477944902  [601 s]
  ...28000 balls inside, index at 12362477946902  [647 s]
  ...30000 balls inside, index at 12362477948902  [693 s]
  ...32000 balls inside, index at 12362477950902  [738 s]
  ...32528 balls inside, index at 12362477951438  [773 s]
CERTIFIED D = 0 over 7600.0 units at t ~ 3.00002e+12: N_0 = N = 32528, all zeros on the critical line, all simple, all rigorously located.
smallest gap upper bounds (normalised): ['0.0220', '0.0434', '0.0484', '0.0519', '0.0540']
wrote /home/user/riemann/experiments/X-5604-exact-slab-discrepancy/results/platt-certify-frontier-0.json
