t=1e13 x50k N(a)=43124192297104 N(b)=43124192347186 -> N=50082  [73 s]
  ...2000 balls inside, index at 43124192299105  [118 s]
  ...4000 balls inside, index at 43124192301105  [229 s]
  ...6000 balls inside, index at 43124192303105  [337 s]
  ...8000 balls inside, index at 43124192305105  [443 s]
  ...10000 balls inside, index at 43124192307105  [538 s]
  ...12000 balls inside, index at 43124192309105  [639 s]
  ...14000 balls inside, index at 43124192311105  [725 s]
  ...16000 balls inside, index at 43124192313105  [796 s]
  ...18000 balls inside, index at 43124192315105  [870 s]
  ...20000 balls inside, index at 43124192317105  [945 s]
  ...22000 balls inside, index at 43124192319105  [1016 s]
  ...24000 balls inside, index at 43124192321105  [1086 s]
  ...26000 balls inside, index at 43124192323105  [1161 s]
  ...28000 balls inside, index at 43124192325105  [1239 s]
  ...30000 balls inside, index at 43124192327105  [1311 s]
  ...32000 balls inside, index at 43124192329105  [1380 s]
  ...34000 balls inside, index at 43124192331105  [1448 s]
  ...36000 balls inside, index at 43124192333105  [1517 s]
  ...38000 balls inside, index at 43124192335105  [1585 s]
  ...40000 balls inside, index at 43124192337105  [1653 s]
  ...42000 balls inside, index at 43124192339105  [1720 s]
  ...44000 balls inside, index at 43124192341105  [1787 s]
  ...46000 balls inside, index at 43124192343105  [1854 s]
  ...48000 balls inside, index at 43124192345105  [1923 s]
  ...50000 balls inside, index at 43124192347105  [1990 s]
  ...50082 balls inside, index at 43124192347195  [2042 s]
CERTIFIED D = 0 over 11200.0 units at t ~ 1e+13: N_0 = N = 50082, all zeros on the critical line, all simple, all rigorously located.
smallest gap upper bounds (normalised): ['0.0448', '0.0453', '0.0463', '0.0469', '0.0474']
wrote /home/user/riemann/experiments/X-5604-exact-slab-discrepancy/results/platt-certify-1e13-50k.json
