setup: 1369 prime ideals up to 11314, tables 4 MB, 2400 exact symbol checks passed (0.2s)
D=500 #n=139 nodes=149 |A1|=5.04 0.4s
   theta=0.05: #u=2478 m2/sw2=0.928 m4/m2^2=2.114 m6/m2^3=8.308
   theta=0.1: #u=3366 m2/sw2=0.927 m4/m2^2=2.088 m6/m2^3=7.757
   theta=0.25: #u=8592 m2/sw2=0.934 m4/m2^2=2.064 m6/m2^3=7.075
   theta=0.5: #u=40572 m2/sw2=0.950 m4/m2^2=2.059 m6/m2^3=6.528
   H=D^2: #u=906900 m2/sw2=0.942 m4/m2^2=2.040 m6/m2^3=6.368
D=707 #n=200 nodes=214 |A1|=7.46 1.6s
   theta=0.05: #u=3570 m2/sw2=0.917 m4/m2^2=2.016 m6/m2^3=6.036
   theta=0.1: #u=4938 m2/sw2=0.910 m4/m2^2=2.024 m6/m2^3=6.281
   theta=0.25: #u=13224 m2/sw2=0.938 m4/m2^2=2.035 m6/m2^3=6.333
   theta=0.5: #u=68208 m2/sw2=0.936 m4/m2^2=2.022 m6/m2^3=6.211
   H=D^2: #u=1813254 m2/sw2=0.943 m4/m2^2=2.045 m6/m2^3=6.404
D=1000 #n=286 nodes=304 |A1|=6.31 3.6s
   theta=0.05: #u=5124 m2/sw2=0.911 m4/m2^2=2.050 m6/m2^3=6.329
   theta=0.1: #u=7242 m2/sw2=0.927 m4/m2^2=2.029 m6/m2^3=6.093
   theta=0.25: #u=20394 m2/sw2=0.935 m4/m2^2=2.048 m6/m2^3=6.318
   theta=0.5: #u=114750 m2/sw2=0.941 m4/m2^2=2.055 m6/m2^3=6.468
   H=D^2: #u=3627558 m2/sw2=0.941 m4/m2^2=2.053 m6/m2^3=6.489
D=1414 #n=402 nodes=423 |A1|=2.16 8.8s
   theta=0.05: #u=7374 m2/sw2=0.944 m4/m2^2=2.042 m6/m2^3=6.365
   theta=0.1: #u=10602 m2/sw2=0.943 m4/m2^2=2.035 m6/m2^3=6.277
   theta=0.25: #u=31464 m2/sw2=0.940 m4/m2^2=2.067 m6/m2^3=6.612
   theta=0.5: #u=192906 m2/sw2=0.942 m4/m2^2=2.066 m6/m2^3=6.550
   H=D^2: #u=7252884 m2/sw2=0.942 m4/m2^2=2.064 m6/m2^3=6.579
D=2000 #n=561 nodes=586 |A1|=7.27 18.0s
   theta=0.05: #u=10626 m2/sw2=0.928 m4/m2^2=2.083 m6/m2^3=6.855
   theta=0.1: #u=15528 m2/sw2=0.933 m4/m2^2=2.068 m6/m2^3=6.649
   theta=0.25: #u=48522 m2/sw2=0.938 m4/m2^2=2.061 m6/m2^3=6.581
   theta=0.5: #u=324510 m2/sw2=0.938 m4/m2^2=2.084 m6/m2^3=6.804
   H=D^2: #u=14510400 m2/sw2=0.937 m4/m2^2=2.085 m6/m2^3=6.802
D=2828 #n=795 nodes=828 |A1|=4.62 28.1s
   theta=0.05: #u=15258 m2/sw2=0.941 m4/m2^2=2.124 m6/m2^3=7.304
   theta=0.1: #u=22728 m2/sw2=0.942 m4/m2^2=2.122 m6/m2^3=7.217
   theta=0.25: #u=74778 m2/sw2=0.940 m4/m2^2=2.093 m6/m2^3=6.921
   theta=0.5: #u=545532 m2/sw2=0.937 m4/m2^2=2.078 m6/m2^3=6.753
   H=D^2: #u=29011992 m2/sw2=0.941 m4/m2^2=2.083 m6/m2^3=6.774
D=4000 #n=1129 nodes=1169 |A1|=18.58 69.7s
   theta=0.05: #u=21942 m2/sw2=0.932 m4/m2^2=2.063 m6/m2^3=6.705
   theta=0.1: #u=33264 m2/sw2=0.942 m4/m2^2=2.081 m6/m2^3=6.828
   theta=0.25: #u=115344 m2/sw2=0.939 m4/m2^2=2.093 m6/m2^3=6.903
   theta=0.5: #u=917664 m2/sw2=0.937 m4/m2^2=2.090 m6/m2^3=6.850
   H=D^2: #u=58041462 m2/sw2=0.938 m4/m2^2=2.094 m6/m2^3=6.891
D=5657 #n=1596 nodes=1650 |A1|=21.84 188.9s
   theta=0.05: #u=31596 m2/sw2=0.943 m4/m2^2=2.067 m6/m2^3=6.546
   theta=0.1: #u=48654 m2/sw2=0.940 m4/m2^2=2.074 m6/m2^3=6.604
   theta=0.25: #u=177924 m2/sw2=0.939 m4/m2^2=2.096 m6/m2^3=6.898
   theta=0.5: #u=1543548 m2/sw2=0.941 m4/m2^2=2.095 m6/m2^3=6.917
   H=D^2: #u=116089038 m2/sw2=0.941 m4/m2^2=2.093 m6/m2^3=6.885
total 319.6s
