START_UTC=2026-07-25T21:43:52Z
WORKER=2 SHARD=18 RANGE=1800:1900 PRECISION=256
BINARY_SHA256=fabbdc63700468fb868bbc814c514dc8eacb5fa112d51e5cc77337c1cedd9ec1
	Command being timed: "/tmp/carrier-build/directed_prime_shard_fast_pr49_mpfr422 --manifest experiments/X-2805-directed-prime-producer/results/target-c1e11/vector/target-autocorrelation.txt --start-segment 1800 --end-segment 1900 --precision 256 --output experiments/X-2805-directed-prime-producer/results/target-c1e11/directed-256/shards/shard-1800-1900-p256.json"
	User time (seconds): 753.60
	System time (seconds): 0.04
	Percent of CPU this job got: 99%
	Elapsed (wall clock) time (h:mm:ss or m:ss): 12:36.69
	Average shared text size (kbytes): 0
	Average unshared data size (kbytes): 0
	Average stack size (kbytes): 0
	Average total size (kbytes): 0
	Maximum resident set size (kbytes): 75992
	Average resident set size (kbytes): 0
	Major (requiring I/O) page faults: 0
	Minor (reclaiming a frame) page faults: 26470
	Voluntary context switches: 1
	Involuntary context switches: 6941
	Swaps: 0
	File system inputs: 0
	File system outputs: 8
	Socket messages sent: 0
	Socket messages received: 0
	Signals delivered: 0
	Page size (bytes): 4096
	Exit status: 0
EXIT_STATUS=0
END_UTC=2026-07-25T21:56:28Z
6361449dd59d65ce6bde3dcab99915189bb861f95b20a2bb97eca0abf4c8b564  experiments/X-2805-directed-prime-producer/results/target-c1e11/directed-256/shards/shard-1800-1900-p256.json
