START_UTC=2026-07-25T22:45:47Z
WORKER=3 SHARD=39 RANGE=3900:4000 PRECISION=256
BINARY_SHA256=fabbdc63700468fb868bbc814c514dc8eacb5fa112d51e5cc77337c1cedd9ec1
	Command being timed: "/tmp/carrier-build/directed_prime_shard_fast_pr49_mpfr422 --manifest experiments/X-2805-directed-prime-producer/results/target-c1e11/vector/target-autocorrelation.txt --start-segment 3900 --end-segment 4000 --precision 256 --output experiments/X-2805-directed-prime-producer/results/target-c1e11/directed-256/shards/shard-3900-4000-p256.json"
	User time (seconds): 739.75
	System time (seconds): 0.06
	Percent of CPU this job got: 99%
	Elapsed (wall clock) time (h:mm:ss or m:ss): 12:22.85
	Average shared text size (kbytes): 0
	Average unshared data size (kbytes): 0
	Average stack size (kbytes): 0
	Average total size (kbytes): 0
	Maximum resident set size (kbytes): 77852
	Average resident set size (kbytes): 0
	Major (requiring I/O) page faults: 0
	Minor (reclaiming a frame) page faults: 26881
	Voluntary context switches: 1
	Involuntary context switches: 7977
	Swaps: 0
	File system inputs: 0
	File system outputs: 8
	Socket messages sent: 0
	Socket messages received: 0
	Signals delivered: 0
	Page size (bytes): 4096
	Exit status: 0
EXIT_STATUS=0
END_UTC=2026-07-25T22:58:09Z
72c72e56971dc4b6f5653606d0988c5f57fca827639afed515e9804e8b0d4693  experiments/X-2805-directed-prime-producer/results/target-c1e11/directed-256/shards/shard-3900-4000-p256.json
