START_UTC=2026-07-25T20:50:43Z
WORKER=3 SHARD=3 RANGE=300:400 PRECISION=256
BINARY_SHA256=fabbdc63700468fb868bbc814c514dc8eacb5fa112d51e5cc77337c1cedd9ec1
	Command being timed: "/tmp/carrier-build/directed_prime_shard_fast_pr49_mpfr422 --manifest experiments/X-2805-directed-prime-producer/results/target-c1e11/vector/target-autocorrelation.txt --start-segment 300 --end-segment 400 --precision 256 --output experiments/X-2805-directed-prime-producer/results/target-c1e11/directed-256/shards/shard-300-400-p256.json"
	User time (seconds): 816.66
	System time (seconds): 0.08
	Percent of CPU this job got: 99%
	Elapsed (wall clock) time (h:mm:ss or m:ss): 13:37.72
	Average shared text size (kbytes): 0
	Average unshared data size (kbytes): 0
	Average stack size (kbytes): 0
	Average total size (kbytes): 0
	Maximum resident set size (kbytes): 65240
	Average resident set size (kbytes): 0
	Major (requiring I/O) page faults: 0
	Minor (reclaiming a frame) page faults: 23897
	Voluntary context switches: 1
	Involuntary context switches: 8754
	Swaps: 0
	File system inputs: 0
	File system outputs: 8
	Socket messages sent: 0
	Socket messages received: 0
	Signals delivered: 0
	Page size (bytes): 4096
	Exit status: 0
EXIT_STATUS=0
END_UTC=2026-07-25T21:04:20Z
f8de3a39a17fadc7d074292ccca5745a941fe85a03c1ffbf4e2b800d43f93639  experiments/X-2805-directed-prime-producer/results/target-c1e11/directed-256/shards/shard-300-400-p256.json
